drivers/pci/pci-uclass.c:81:12:pci_get_bus_max	32	static
drivers/pci/pci-uclass.c:1179:12:skip_to_next_device	64	static
drivers/pci/pci-uclass.c:1378:12:_dm_pci_bus_to_phys	48	static
drivers/pci/pci-uclass.c:1055:12:pci_uclass_pre_probe	144	static
drivers/pci/pci-uclass.c:1143:12:pci_uclass_child_post_bind	32	static
drivers/pci/pci-uclass.c:30:5:pci_get_bus	32	static
drivers/pci/pci-uclass.c:47:17:pci_get_controller	32	static
drivers/pci/pci-uclass.c:1440:12:_dm_pci_phys_to_bus	48	static
drivers/pci/pci-uclass.c:55:11:dm_pci_get_bdf	48	static
drivers/pci/pci-uclass.c:98:5:pci_last_busno	0	static
drivers/pci/pci-uclass.c:103:5:pci_get_ff	0	static
drivers/pci/pci-uclass.c:136:5:pci_bus_find_devfn	48	static
drivers/pci/pci-uclass.c:156:5:dm_pci_bus_find_bdf	48	static
drivers/pci/pci-uclass.c:185:5:pci_bus_find_devices	64	static
drivers/pci/pci-uclass.c:205:5:pci_find_device_id	64	static
drivers/pci/pci-uclass.c:244:5:dm_pci_find_device	64	static
drivers/pci/pci-uclass.c:281:5:pci_bus_write_config	0	static
drivers/pci/pci-uclass.c:307:12:pci_write_config	64	static
drivers/pci/pci-uclass.c:1170:12:pci_bridge_write_config	48	static
drivers/pci/pci-uclass.c:320:5:dm_pci_write_config	64	static
drivers/pci/pci-uclass.c:331:5:pci_write_config32	0	static
drivers/pci/pci-uclass.c:336:5:pci_write_config16	0	static
drivers/pci/pci-uclass.c:341:5:pci_write_config8	0	static
drivers/pci/pci-uclass.c:346:5:dm_pci_write_config8	0	static
drivers/pci/pci-uclass.c:351:5:dm_pci_write_config16	0	static
drivers/pci/pci-uclass.c:356:5:dm_pci_write_config32	0	static
drivers/pci/pci-uclass.c:361:5:pci_bus_read_config	0	static
drivers/pci/pci-uclass.c:292:5:pci_bus_clrset_config32	80	static
drivers/pci/pci-uclass.c:372:12:pci_read_config	64	static
drivers/pci/pci-uclass.c:1161:12:pci_bridge_read_config	48	static
drivers/pci/pci-uclass.c:385:5:dm_pci_read_config	64	static
drivers/pci/pci-uclass.c:396:5:pci_read_config32	48	static
drivers/pci/pci-uclass.c:409:5:pci_read_config16	48	static
drivers/pci/pci-uclass.c:422:5:pci_read_config8	48	static
drivers/pci/pci-uclass.c:435:5:dm_pci_read_config8	48	static
drivers/pci/pci-uclass.c:448:5:dm_pci_read_config16	48	static
drivers/pci/pci-uclass.c:1626:12:_dm_pci_find_next_capability	80	static
drivers/pci/pci-uclass.c:461:5:dm_pci_read_config32	48	static
drivers/pci/pci-uclass.c:474:5:dm_pci_clrset_config8	64	static
drivers/pci/pci-uclass.c:488:5:dm_pci_clrset_config16	64	static
drivers/pci/pci-uclass.c:502:5:dm_pci_clrset_config32	64	static
drivers/pci/pci-uclass.c:529:5:pci_auto_config_devices	80	static
drivers/pci/pci-uclass.c:570:5:pci_generic_mmap_write_config	48	static
drivers/pci/pci-uclass.c:599:5:pci_generic_mmap_read_config	48	static
drivers/pci/pci-uclass.c:840:20:board_pci_fixup_dev	0	static
drivers/pci/pci-uclass.c:844:5:pci_bind_bus_devices	256	static
drivers/pci/pci-uclass.c:1101:12:pci_uclass_post_probe	32	static
drivers/pci/pci-uclass.c:1202:5:pci_find_next_device	48	static
drivers/pci/pci-uclass.c:1226:5:pci_find_first_device	48	static
drivers/pci/pci-uclass.c:261:5:dm_pci_find_class	64	static
drivers/pci/pci-uclass.c:1239:7:pci_conv_32_to_size	0	static
drivers/pci/pci-uclass.c:1251:7:pci_conv_size_to_32	0	static
drivers/pci/pci-uclass.c:1278:5:pci_get_dma_regions	112	static
drivers/pci/pci-uclass.c:1320:5:pci_get_regions	48	static
drivers/pci/pci-uclass.c:1350:5:dm_pci_read_bar32	32	static
drivers/pci/pci-uclass.c:1370:6:dm_pci_write_bar32	0	static
drivers/pci/pci-uclass.c:1410:13:dm_pci_bus_to_phys	64	static
drivers/pci/pci-uclass.c:1480:12:dm_pci_phys_to_bus	64	static
drivers/pci/pci-uclass.c:1651:5:dm_pci_find_next_capability	0	static
drivers/pci/pci-uclass.c:1657:5:dm_pci_find_capability	48	static
drivers/pci/pci-uclass.c:630:5:dm_pci_hose_probe_bus	64	static
drivers/pci/pci-uclass.c:1586:7:dm_pci_map_bar	80	static
drivers/pci/pci-uclass.c:1676:5:dm_pci_find_next_ext_capability	64	static
drivers/pci/pci-uclass.c:1710:5:dm_pci_find_ext_capability	0	static
drivers/pci/pci-uclass.c:1715:5:dm_pci_flr	48	static
drivers/pci/pci-uclass.c:1898:5:pci_init	32	static
