drivers/gpio/gpio-uclass.c:566:12:_gpio_get_value	32	static
drivers/gpio/gpio-uclass.c:1433:12:gpio_post_bind	0	static
drivers/gpio/gpio-uclass.c:843:12:get_function	48	static
drivers/gpio/gpio-uclass.c:58:12:gpio_to_device	48	static
drivers/gpio/gpio-uclass.c:502:12:check_reserved	32	static
drivers/gpio/gpio-uclass.c:1287:12:gpio_renumber	64	static
drivers/gpio/gpio-uclass.c:1335:12:gpio_pre_remove	48	static
drivers/gpio/gpio-uclass.c:1324:12:gpio_post_probe	32	static
drivers/gpio/gpio-uclass.c:118:5:dm_gpio_lookup_name	80	static
drivers/gpio/gpio-uclass.c:164:5:gpio_lookup_name	80	static
drivers/gpio/gpio-uclass.c:189:15:gpio_flags_xlate	0	static
drivers/gpio/gpio-uclass.c:217:5:gpio_xlate_offs_flags	32	static
drivers/gpio/gpio-uclass.c:365:5:gpio_hog_lookup_name	0	static
drivers/gpio/gpio-uclass.c:371:5:dm_gpio_request	64	static
drivers/gpio/gpio-uclass.c:397:12:dm_gpio_requestf	192	static
drivers/gpio/gpio-uclass.c:424:5:gpio_request	64	static
drivers/gpio/gpio-uclass.c:446:5:gpio_requestf	192	static
drivers/gpio/gpio-uclass.c:461:5:_dm_gpio_free	64	static
drivers/gpio/gpio-uclass.c:490:5:gpio_free	48	static
drivers/gpio/gpio-uclass.c:576:5:dm_gpio_get_value	32	static
drivers/gpio/gpio-uclass.c:587:5:dm_gpio_set_value	32	static
drivers/gpio/gpio-uclass.c:703:5:dm_gpio_clrset_flags	64	static
drivers/gpio/gpio-uclass.c:529:5:gpio_direction_input	48	static
drivers/gpio/gpio-uclass.c:550:5:gpio_direction_output	64	static
drivers/gpio/gpio-uclass.c:724:5:dm_gpio_set_dir_flags	0	static
drivers/gpio/gpio-uclass.c:1108:12:gpio_request_tail	80	static
drivers/gpio/gpio-uclass.c:1155:12:_gpio_request_by_name_nodev	176	static
drivers/gpio/gpio-uclass.c:730:5:dm_gpios_clrset_flags	64	static
drivers/gpio/gpio-uclass.c:745:5:dm_gpio_get_flags	80	static
drivers/gpio/gpio-uclass.c:791:5:gpio_get_value	48	static
drivers/gpio/gpio-uclass.c:812:5:gpio_set_value	64	static
drivers/gpio/gpio-uclass.c:823:13:gpio_get_bank_info	32	static
drivers/gpio/gpio-uclass.c:872:5:gpio_get_function	0	static
drivers/gpio/gpio-uclass.c:877:5:gpio_get_raw_function	0	static
drivers/gpio/gpio-uclass.c:882:5:gpio_get_status	96	static
drivers/gpio/gpio-uclass.c:942:5:gpio_claim_vector	64	static
drivers/gpio/gpio-uclass.c:973:5:gpio_get_values_as_int	48	static
drivers/gpio/gpio-uclass.c:993:5:dm_gpio_get_values_as_int	64	static
drivers/gpio/gpio-uclass.c:1011:5:dm_gpio_get_values_as_int_base3	48	static
drivers/gpio/gpio-uclass.c:1169:5:gpio_request_by_name_nodev	0	static
drivers/gpio/gpio-uclass.c:1176:5:gpio_request_by_name	160	static
drivers/gpio/gpio-uclass.c:1228:5:gpio_get_list_count	0	static
drivers/gpio/gpio-uclass.c:1264:5:dm_gpio_free	0	static
drivers/gpio/gpio-uclass.c:1270:5:gpio_free_list	64	static
drivers/gpio/gpio-uclass.c:1281:5:gpio_free_list_nodev	0	static
drivers/gpio/gpio-uclass.c:1190:5:gpio_request_list_by_name_nodev	96	static
drivers/gpio/gpio-uclass.c:1215:5:gpio_request_list_by_name	0	static
drivers/gpio/gpio-uclass.c:1312:5:gpio_get_number	32	static
drivers/gpio/gpio-uclass.c:1349:5:gpio_dev_request_index	112	static
drivers/gpio/gpio-uclass.c:1374:19:devm_gpiod_get_index	64	static
drivers/gpio/gpio-uclass.c:1412:19:devm_gpiod_get_index_optional	16	static
drivers/gpio/gpio-uclass.c:1425:6:devm_gpiod_put	0	static
