drivers/core/ofnode.c:47:5:ofnode_read_u32_index	48	static
drivers/core/ofnode.c:34:5:ofnode_read_u32	0	static
drivers/core/ofnode.c:39:5:ofnode_read_u32_default	32	static
drivers/core/ofnode.c:78:5:ofnode_read_u32_index_default	32	static
drivers/core/ofnode.c:87:5:ofnode_read_s32_default	32	static
drivers/core/ofnode.c:95:5:ofnode_read_u64	48	static
drivers/core/ofnode.c:119:5:ofnode_read_u64_default	32	static
drivers/core/ofnode.c:141:13:ofnode_read_prop	48	static
drivers/core/ofnode.c:173:13:ofnode_read_string	48	static
drivers/core/ofnode.c:191:5:ofnode_read_size	32	static
drivers/core/ofnode.c:201:8:ofnode_find_subnode	16	static
drivers/core/ofnode.c:227:5:ofnode_read_u32_array	0	static
drivers/core/ofnode.c:613:12:decode_timing_property	48	static
drivers/core/ofnode.c:275:8:ofnode_get_parent	16	static
drivers/core/ofnode.c:289:13:ofnode_get_name	0	static
drivers/core/ofnode.c:21:6:ofnode_name_eq	48	static
drivers/core/ofnode.c:302:5:ofnode_get_path	16	static
drivers/core/ofnode.c:327:8:ofnode_get_by_phandle	16	static
drivers/core/ofnode.c:411:5:ofnode_stringlist_search	16	static
drivers/core/ofnode.c:432:5:ofnode_read_string_index	48	static
drivers/core/ofnode.c:449:5:ofnode_read_string_count	0	static
drivers/core/ofnode.c:459:5:ofnode_read_string_list	64	static
drivers/core/ofnode.c:503:5:ofnode_parse_phandle_with_args	112	static
drivers/core/ofnode.c:535:5:ofnode_count_phandle_with_args	0	static
drivers/core/ofnode.c:547:8:ofnode_path	16	static
drivers/core/ofnode.c:555:13:ofnode_read_chosen_prop	32	static
drivers/core/ofnode.c:564:13:ofnode_read_chosen_string	0	static
drivers/core/ofnode.c:569:8:ofnode_get_chosen_node	16	static
drivers/core/ofnode.c:580:13:ofnode_read_aliases_prop	32	static
drivers/core/ofnode.c:589:8:ofnode_get_aliases_node	16	static
drivers/core/ofnode.c:602:5:ofnode_get_child_count	32	static
drivers/core/ofnode.c:701:13:ofnode_get_property	0	static
drivers/core/ofnode.c:127:6:ofnode_read_bool	16	static
drivers/core/ofnode.c:636:5:ofnode_decode_display_timing	64	static
drivers/core/ofnode.c:710:5:ofnode_get_first_property	32	static
drivers/core/ofnode.c:729:5:ofnode_get_next_property	32	static
drivers/core/ofnode.c:746:13:ofnode_get_property_by_prop	0	static
drivers/core/ofnode.c:758:6:ofnode_is_available	16	static
drivers/core/ofnode.c:767:12:ofnode_get_addr_size	0	static
drivers/core/ofnode.c:793:16:ofnode_read_u8_array_ptr	0	static
drivers/core/ofnode.c:811:5:ofnode_read_pci_addr	48	static
drivers/core/ofnode.c:865:5:ofnode_read_pci_vendev	96	static
drivers/core/ofnode.c:901:5:ofnode_read_addr_cells	16	static
drivers/core/ofnode.c:913:5:ofnode_read_size_cells	16	static
drivers/core/ofnode.c:925:5:ofnode_read_simple_addr_cells	0	static
drivers/core/ofnode.c:933:5:ofnode_read_simple_size_cells	0	static
drivers/core/ofnode.c:340:19:__ofnode_get_addr_size_index	64	static
drivers/core/ofnode.c:379:12:ofnode_get_addr_size_index	0	static
drivers/core/ofnode.c:390:12:ofnode_get_addr_index	32	static
drivers/core/ofnode.c:397:12:ofnode_get_addr	0	static
drivers/core/ofnode.c:402:12:ofnode_get_size	32	static
drivers/core/ofnode.c:384:12:ofnode_get_addr_size_index_notrans	0	static
drivers/core/ofnode.c:941:6:ofnode_pre_reloc	0	static
drivers/core/ofnode.c:967:5:ofnode_read_resource	48	static
drivers/core/ofnode.c:987:5:ofnode_read_resource_byname	32	static
drivers/core/ofnode.c:999:5:ofnode_translate_address	0	static
drivers/core/ofnode.c:1007:5:ofnode_translate_dma_address	0	static
drivers/core/ofnode.c:1015:5:ofnode_get_dma_range	0	static
drivers/core/ofnode.c:1024:5:ofnode_device_is_compatible	16	static
drivers/core/ofnode.c:1035:8:ofnode_by_compatible	16	static
drivers/core/ofnode.c:1047:8:ofnode_by_prop_value	16	static
drivers/core/ofnode.c:1061:5:ofnode_write_prop	0	static
drivers/core/ofnode.c:1108:5:ofnode_write_string	0	static
drivers/core/ofnode.c:1120:5:ofnode_set_enabled	0	static
drivers/core/ofnode.c:1133:6:ofnode_conf_read_bool	32	static
drivers/core/ofnode.c:1144:5:ofnode_conf_read_int	32	static
drivers/core/ofnode.c:1155:13:ofnode_conf_read_str	32	static
