drivers/usb/gadget/ci_udc.c:376:12:ci_ep_disable	0	static
drivers/usb/gadget/ci_udc.c:559:12:ci_ep_dequeue	16	static
drivers/usb/gadget/ci_udc.c:1192:12:ci_udc_gadget_start	0	static
drivers/usb/gadget/ci_udc.c:310:13:ci_ep_free_request	32	static
drivers/usb/gadget/ci_udc.c:1204:12:ci_udc_gadget_stop	32	static
drivers/usb/gadget/ci_udc.c:205:13:ci_flush_qh	0	static
drivers/usb/gadget/ci_udc.c:235:13:ci_flush_qtd	0	static
drivers/usb/gadget/ci_udc.c:286:1:ci_ep_alloc_request	32	static
drivers/usb/gadget/ci_udc.c:946:12:ci_udc_probe	64	static
drivers/usb/gadget/ci_udc.c:1394:12:ci_udc_otg_ofdata_to_platdata	48	static
drivers/usb/gadget/ci_udc.c:1416:12:ci_udc_otg_probe	240	static
drivers/usb/gadget/ci_udc.c:1477:12:ci_udc_otg_remove	48	static
drivers/usb/gadget/ci_udc.c:452:13:ci_ep_submit_next_request	128	static
drivers/usb/gadget/ci_udc.c:583:12:ci_ep_queue	48	static
drivers/usb/gadget/ci_udc.c:330:13:ep_enable	32	static
drivers/usb/gadget/ci_udc.c:350:12:ci_ep_enable	16	static
drivers/usb/gadget/ci_udc.c:794:13:stop_activity	64	static
drivers/usb/gadget/ci_udc.c:129:13:ci_init_after_reset	0	static
drivers/usb/gadget/ci_udc.c:822:6:udc_irq	160	static
drivers/usb/gadget/ci_udc.c:891:5:ci_udc_handle_interrupts	32	static
drivers/usb/gadget/ci_udc.c:1225:12:ci_udc_gadget_handle_interrupts	0	static
drivers/usb/gadget/ci_udc.c:903:6:udc_disconnect	32	static
drivers/usb/gadget/ci_udc.c:914:12:ci_pullup	32	static
drivers/usb/gadget/ci_udc.c:1035:6:dfu_usb_get_reset	0	static
drivers/usb/gadget/ci_udc.c:1067:6:udc_irq_reset	0	static
drivers/usb/gadget/ci_udc.c:1088:6:ci_udc_check_bus_active	480	static
