drivers/usb/cdns3/gadget.c:99:13:cdns_ep_stall_flush	0	static
drivers/usb/cdns3/gadget.c:291:12:cdns_get_setup_ret	32	static
drivers/usb/cdns3/gadget.c:1138:12:usb_ss_gadget_ep0_enable	0	static
drivers/usb/cdns3/gadget.c:1149:12:usb_ss_gadget_ep0_disable	0	static
drivers/usb/cdns3/gadget.c:1161:12:usb_ss_gadget_ep0_set_halt	0	static
drivers/usb/cdns3/gadget.c:1761:12:usb_ss_gadget_get_frame	0	static
drivers/usb/cdns3/gadget.c:1769:12:usb_ss_gadget_wakeup	0	static
drivers/usb/cdns3/gadget.c:1885:13:cdns3_gadget_set_speed	0	static
drivers/usb/cdns3/gadget.c:1556:13:usb_ss_gadget_ep_free_request	0	static
drivers/usb/cdns3/gadget.c:55:13:select_ep	0	static
drivers/usb/cdns3/gadget.c:1246:13:cdns_ep_config	48	static
drivers/usb/cdns3/gadget.c:1852:12:usb_ss_gadget_udc_stop	64	static
drivers/usb/cdns3/gadget.c:1671:12:usb_ss_gadget_ep_set_halt	48	static
drivers/usb/cdns3/gadget.c:1722:12:usb_ss_gadget_ep_set_wedge	32	static
drivers/usb/cdns3/gadget.c:199:13:cdns_ep0_run_transfer	48	static
drivers/usb/cdns3/gadget.c:304:13:cdns_prepare_setup_packet	0	static
drivers/usb/cdns3/gadget.c:121:13:cdns_ep0_config	32	static
drivers/usb/cdns3/gadget.c:2130:13:__cdns3_gadget_start	32	static
drivers/usb/cdns3/gadget.c:2172:12:cdns3_gadget_start	32	static
drivers/usb/cdns3/gadget.c:1623:12:usb_ss_gadget_ep_dequeue	48	static
drivers/usb/cdns3/gadget.c:1539:28:usb_ss_gadget_ep_alloc_request	0	static
drivers/usb/cdns3/gadget.c:1438:12:usb_ss_gadget_ep_conf	32	static
drivers/usb/cdns3/gadget.c:1332:12:usb_ss_gadget_ep_enable	48	static
drivers/usb/cdns3/gadget.c:1818:12:usb_ss_gadget_udc_start	16	static
drivers/usb/cdns3/gadget.c:1383:12:cdns3_disable_reset_ep.part.0	48	static
drivers/usb/cdns3/gadget.c:1786:12:usb_ss_gadget_pullup	48	static
drivers/usb/cdns3/gadget.c:2213:13:cdns3_gadget_stop	32	static
drivers/usb/cdns3/gadget.c:1777:12:usb_ss_gadget_set_selfpowered	0	static
drivers/usb/cdns3/gadget.c:233:12:cdns_ep_run_transfer.isra	48	static
drivers/usb/cdns3/gadget.c:1570:12:usb_ss_gadget_ep_queue	48	static
drivers/usb/cdns3/gadget.c:1175:12:usb_ss_gadget_ep0_queue	48	static
drivers/usb/cdns3/gadget.c:418:12:cdns_req_ep0_handle_feature	48	static
drivers/usb/cdns3/gadget.c:872:13:cdns_check_ep0_interrupt_proceed	96	static
drivers/usb/cdns3/gadget.c:1069:12:cdns_irq_handler_thread	112	static
drivers/usb/cdns3/gadget.c:1483:12:usb_ss_gadget_ep_disable	80	static
drivers/usb/cdns3/gadget.c:2115:6:cdns3_gadget_remove	32	static
drivers/usb/cdns3/gadget.c:2226:5:cdns3_gadget_init	112	static
