common/fdt_support.c:1121:12:of_bus_default_map	0	static
common/fdt_support.c:1821:12:fdt_read_prop	0	static
common/fdt_support.c:390:12:fdt_pack_reg	64	static
common/fdt_support.c:1137:12:of_bus_default_translate	64	static
common/fdt_support.c:1488:12:vnode_offset_by_pathf	576	static
common/fdt_support.c:1104:6:fdt_support_default_count_cells	48	static
common/fdt_support.c:1307:12:__of_translate_address	160	static
common/fdt_support.c:35:5:fdt_getprop_u32_default_node	48	static
common/fdt_support.c:65:5:fdt_getprop_u32_default	48	static
common/fdt_support.c:89:5:fdt_find_and_setprop	64	static
common/fdt_support.c:113:5:fdt_find_or_add_subnode	48	static
common/fdt_support.c:184:5:fdt_root	32	static
common/fdt_support.c:210:5:fdt_initrd	96	static
common/fdt_support.c:274:14:board_fdt_chosen_bootargs	0	static
common/fdt_support.c:279:5:fdt_chosen	48	static
common/fdt_support.c:311:6:do_fixup_by_path	32	static
common/fdt_support.c:327:6:do_fixup_by_path_u32	32	static
common/fdt_support.c:334:6:do_fixup_by_prop	96	static
common/fdt_support.c:355:6:do_fixup_by_prop_u32	32	static
common/fdt_support.c:363:6:do_fixup_by_compat	80	static
common/fdt_support.c:379:6:do_fixup_by_compat_u32	32	static
common/fdt_support.c:438:5:fdt_fixup_memory_banks	144	static
common/fdt_support.c:491:5:fdt_set_usable_memory	192	static
common/fdt_support.c:527:5:fdt_fixup_memory	32	static
common/fdt_support.c:532:6:fdt_fixup_ethernet	128	static
common/fdt_support.c:610:5:fdt_record_loadable	112	static
common/fdt_support.c:647:5:fdt_shrink_to_minimum	64	static
common/fdt_support.c:700:5:fdt_delete_disabled_nodes	48	static
common/fdt_support.c:726:5:fdt_pci_dma_ranges	176	static
common/fdt_support.c:790:5:fdt_increase_size	0	static
common/fdt_support.c:1030:6:fdt_del_node_and_alias	32	static
common/fdt_support.c:1380:5:fdt_translate_address	0	static
common/fdt_support.c:1386:5:fdt_translate_dma_address	0	static
common/fdt_support.c:1392:5:fdt_get_dma_range	112	static
common/fdt_support.c:1474:5:fdt_node_offset_by_compat_reg	80	static
common/fdt_support.c:1507:5:fdt_node_offset_by_pathf	128	static
common/fdt_support.c:1526:5:fdt_set_phandle	64	static
common/fdt_support.c:1565:14:fdt_create_phandle	64	static
common/fdt_support.c:1599:14:fdt_create_phandle_by_compatible	32	static
common/fdt_support.c:1619:14:fdt_create_phandle_by_pathf	144	static
common/fdt_support.c:1644:5:fdt_set_node_status	48	static
common/fdt_support.c:1677:5:fdt_set_status_by_alias	32	static
common/fdt_support.c:1693:5:fdt_set_status_by_compatible	32	static
common/fdt_support.c:1712:5:fdt_set_status_by_pathf	144	static
common/fdt_support.c:1766:5:fdt_verify_alias_address	80	static
common/fdt_support.c:1807:5:fdt_get_base_address	48	static
common/fdt_support.c:1870:5:fdt_read_range	112	static
common/fdt_support.c:1938:5:fdt_setup_simplefb_node	144	static
common/fdt_support.c:1991:5:fdt_fixup_display	80	static
common/fdt_support.c:2026:5:fdt_overlay_apply_verbose	48	static
common/fdt_support.c:2053:5:fdt_valid	48	static
