drivers/net/fec_mxc.c:439:13:fec_reg_setup	0	static
drivers/net/fec_mxc.c:1301:12:fecmxc_free_pkt	16	static
drivers/net/fec_mxc.c:1071:13:fec_free_descs	32	static
drivers/net/fec_mxc.c:239:12:fec_phy_write	32	static
drivers/net/fec_mxc.c:233:12:fec_phy_read	32	static
drivers/net/fec_mxc.c:1292:12:fecmxc_set_promisc	32	static
drivers/net/fec_mxc.c:411:12:fecmxc_set_hwaddr	32	static
drivers/net/fec_mxc.c:1284:12:fecmxc_read_rom_hwaddr	32	static
drivers/net/fec_mxc.c:665:13:fecmxc_halt	32	static
drivers/net/fec_mxc.c:1594:12:fecmxc_of_to_plat	48	static
drivers/net/fec_mxc.c:1577:12:fecmxc_remove	32	static
drivers/net/fec_mxc.c:165:13:fec_mii_setspeed	48	static
drivers/net/fec_mxc.c:709:12:fecmxc_send	48	static
drivers/net/fec_mxc.c:592:12:fecmxc_init	64	static
drivers/net/fec_mxc.c:860:12:fecmxc_recv	64	static
drivers/net/fec_mxc.c:132:12:imx_get_fecclk	0	static
drivers/net/fec_mxc.c:1084:17:fec_get_miibus	48	static
drivers/net/fec_mxc.c:1381:12:fecmxc_probe	160	static
drivers/net/fec_mxc.c:1110:13:init_clk_fec	0	static
