arch/arm/mach-imx/imx8/cpu.c:610:13:dram_bank_sort	0	static
arch/arm/mach-imx/imx8/cpu.c:481:12:get_owned_memreg	64	static
arch/arm/mach-imx/imx8/cpu.c:39:26:get_pass_over_info	0	static
arch/arm/mach-imx/imx8/cpu.c:51:5:arch_cpu_init	0	static
arch/arm/mach-imx/imx8/cpu.c:106:5:arch_misc_init	32	static
arch/arm/mach-imx/imx8/cpu.c:181:5:arch_auxiliary_core_up	96	static
arch/arm/mach-imx/imx8/cpu.c:267:5:arch_auxiliary_core_check_up	32	static
arch/arm/mach-imx/imx8/cpu.c:340:18:get_boot_device	32	static
arch/arm/mach-imx/imx8/cpu.c:296:5:print_bootinfo	32	static
arch/arm/mach-imx/imx8/cpu.c:388:6:is_usb_boot	16	static
arch/arm/mach-imx/imx8/cpu.c:396:6:get_board_serial	48	static
arch/arm/mach-imx/imx8/cpu.c:424:12:board_mmc_get_env_dev	0	static
arch/arm/mach-imx/imx8/cpu.c:429:5:mmc_get_env_dev	32	static
arch/arm/mach-imx/imx8/cpu.c:505:13:board_mem_get_layout	0	static
arch/arm/mach-imx/imx8/cpu.c:516:13:get_effective_memsize	112	static
arch/arm/mach-imx/imx8/cpu.c:558:5:dram_init	96	static
arch/arm/mach-imx/imx8/cpu.c:633:5:dram_init_banksize	112	static
arch/arm/mach-imx/imx8/cpu.c:754:6:enable_caches	112	static
arch/arm/mach-imx/imx8/cpu.c:843:5:get_page_table_size	0	static
arch/arm/mach-imx/imx8/cpu.c:882:6:imx_get_mac_from_fuse	64	static
arch/arm/mach-imx/imx8/cpu.c:915:5:get_cpu_rev	32	static
arch/arm/mach-imx/imx8/cpu.c:62:5:arch_cpu_init_dm	48	static
arch/arm/mach-imx/imx8/cpu.c:941:6:board_boot_order	32	static
arch/arm/mach-imx/imx8/cpu.c:952:6:m4_parts_booted	32	static
arch/arm/mach-imx/imx8/cpu.c:982:6:disconnect_from_pc	48	static
arch/arm/mach-imx/imx8/cpu.c:1007:6:check_owned_udevice	112	static
arch/arm/mach-imx/imx8/cpu.c:1034:18:board_imx_vservice_find_mu	144	static
arch/arm/mach-imx/imx8/cpu.c:1103:8:board_imx_vservice_get_buffer	32	static
arch/arm/mach-imx/imx8/cpu.c:1128:5:board_imx_virt_i2c_bind	16	static
arch/arm/mach-imx/imx8/cpu.c:1136:5:board_imx_lpi2c_bind	16	static
arch/arm/mach-imx/imx8/cpu.c:1196:5:board_usb_gadget_port_auto	112	static
