boot/image-android.c:269:13:append_kernel_cmdline	48	static
boot/image-android.c:135:12:append_androidboot_args	656	static
boot/image-android.c:105:14:android_image_get_kernel_addr	0	static
boot/image-android.c:72:9:add_bootconfig_trailer	80	static
boot/image-android.c:308:5:append_runtime_bootconfig	2112	static
boot/image-android.c:355:5:android_image_get_kernel	2160	static
boot/image-android.c:444:5:android_image_get_kernel_v3	2128	static
boot/image-android.c:517:5:android_image_check_header	0	static
boot/image-android.c:522:5:android_image_check_header_v3	32	static
boot/image-android.c:528:7:android_image_get_end	0	static
boot/image-android.c:551:7:android_image_get_kload	0	static
boot/image-android.c:556:7:android_image_get_kcomp	16	static
boot/image-android.c:568:5:android_image_get_ramdisk	48	static
boot/image-android.c:587:5:android_image_get_second	32	static
boot/image-android.c:625:6:android_image_get_dtbo	48	static
boot/image-android.c:726:6:android_image_get_dtb_by_index	80	static
boot/image-android.c:940:6:image_arm64	0	static
boot/image-android.c:951:10:kernel_size	0	static
boot/image-android.c:962:7:kernel_relocate_addr	0	static
