boot/image.c:221:5:image_check_hcrc	96	static
boot/image.c:236:5:image_check_dcrc	32	static
boot/image.c:258:7:image_multi_count	0	static
boot/image.c:291:6:image_multi_getimg	16	static
boot/image.c:416:5:image_decomp_type	32	static
boot/image.c:524:22:get_table_entry	0	static
boot/image.c:657:20:genimg_get_short_name	16	static
boot/image.c:555:13:genimg_get_cat_name	48	static
boot/image.c:575:13:genimg_get_cat_short_name	48	static
boot/image.c:585:5:genimg_get_cat_count	0	static
boot/image.c:590:13:genimg_get_cat_desc	0	static
boot/image.c:605:6:genimg_cat_has_id	16	static
boot/image.c:627:7:get_table_entry_name	16	static
boot/image.c:635:13:genimg_get_os_name	0	static
boot/image.c:640:13:genimg_get_arch_name	0	static
boot/image.c:646:13:genimg_get_type_name	0	static
boot/image.c:431:5:image_decomp	80	static
boot/image.c:651:13:genimg_get_comp_name	0	static
boot/image.c:351:6:image_print_contents	96	static
boot/image.c:665:13:genimg_get_type_short_name	0	static
boot/image.c:670:13:genimg_get_comp_short_name	0	static
boot/image.c:675:13:genimg_get_os_short_name	0	static
boot/image.c:680:13:genimg_get_arch_short_name	0	static
boot/image.c:699:5:get_table_entry_id	32	static
boot/image.c:713:5:genimg_get_os_id	0	static
boot/image.c:718:5:genimg_get_arch_id	0	static
boot/image.c:723:5:genimg_get_type_id	0	static
boot/image.c:728:5:genimg_get_comp_id	0	static
