lib/fdtdec.c:661:20:get_prop_check_min_len	48	static
lib/fdtdec.c:87:13:fdtdec_get_srcname	0	static
lib/fdtdec.c:92:13:fdtdec_get_compatible	0	static
lib/fdtdec.c:206:5:fdtdec_get_pci_vendev	96	static
lib/fdtdec.c:242:5:fdtdec_get_pci_bar32	32	static
lib/fdtdec.c:266:5:fdtdec_get_pci_bus_range	48	static
lib/fdtdec.c:282:10:fdtdec_get_uint64	48	static
lib/fdtdec.c:295:5:fdtdec_get_is_enabled	16	static
lib/fdtdec.c:312:20:fdtdec_lookup	64	static
lib/fdtdec.c:324:5:fdtdec_next_compatible	0	static
lib/fdtdec.c:329:5:fdtdec_next_compatible_subnode	48	static
lib/fdtdec.c:344:5:fdtdec_next_alias	96	static
lib/fdtdec.c:376:5:fdtdec_add_aliases_for_id	144	dynamic
lib/fdtdec.c:366:5:fdtdec_find_aliases_for_id	64	static
lib/fdtdec.c:491:5:fdtdec_get_alias_seq	96	static
lib/fdtdec.c:544:5:fdtdec_get_alias_highest_id	80	static
lib/fdtdec.c:577:13:fdtdec_get_chosen_prop	32	static
lib/fdtdec.c:587:5:fdtdec_get_chosen_node	32	static
lib/fdtdec.c:614:5:fdtdec_prepare_fdt	16	static
lib/fdtdec.c:597:5:fdtdec_check_fdt	16	static
lib/fdtdec.c:636:5:fdtdec_lookup_phandle	32	static
lib/fdtdec.c:679:5:fdtdec_get_int_array	48	static
lib/fdtdec.c:948:12:decode_timing_property	64	static
lib/fdtdec.c:697:5:fdtdec_get_int_array_count	48	static
lib/fdtdec.c:717:12:fdtdec_locate_array	32	static
lib/fdtdec.c:728:5:fdtdec_get_bool	32	static
lib/fdtdec.c:738:5:fdtdec_parse_phandle_with_args	112	static
lib/fdtdec.c:862:5:fdtdec_get_byte_array	48	static
lib/fdtdec.c:874:11:fdtdec_locate_byte_array	32	static
lib/fdtdec.c:886:5:fdtdec_get_number	0	static
lib/fdtdec.c:99:12:fdtdec_get_addr_size_fixed	96	static
lib/fdtdec.c:145:12:fdtdec_get_addr_size_auto_parent	80	static
lib/fdtdec.c:172:12:fdtdec_get_addr_size_auto_noparent	64	static
lib/fdtdec.c:191:12:fdtdec_get_addr_size	0	static
lib/fdtdec.c:201:12:fdtdec_get_addr	0	static
lib/fdtdec.c:896:5:fdt_get_resource	96	static
lib/fdtdec.c:935:5:fdt_get_named_resource	48	static
lib/fdtdec.c:972:5:fdtdec_decode_display_timing	64	static
lib/fdtdec.c:1040:5:fdtdec_setup_mem_size_base	80	static
lib/fdtdec.c:1066:8:get_next_memory_node	48	static
lib/fdtdec.c:1075:5:fdtdec_setup_memory_banksize	112	static
lib/fdtdec.c:1116:5:fdtdec_setup_mem_size_base_lowest	112	static
lib/fdtdec.c:1242:5:fdtdec_set_ethernet_mac_address	48	static
lib/fdtdec.c:1303:5:fdtdec_add_reserved_memory	208	static
lib/fdtdec.c:1441:5:fdtdec_get_carveout	128	static
lib/fdtdec.c:1542:5:fdtdec_set_carveout	80	static
lib/fdtdec.c:1599:12:fdtdec_board_setup	0	static
lib/fdtdec.c:1639:5:fdtdec_setup	16	static
lib/fdtdec.c:1680:5:fdtdec_resetup	0	static
lib/fdtdec.c:1716:5:fdtdec_decode_ram_size	144	static
