Archive member included to satisfy reference by file (symbol)

arch/arm/cpu/armv8/cpu.o      (--whole-archive)
arch/arm/cpu/armv8/generic_timer.o
                              (--whole-archive)
arch/arm/cpu/armv8/cache_v8.o
                              (--whole-archive)
arch/arm/cpu/armv8/cache.o    (--whole-archive)
arch/arm/cpu/armv8/tlb.o      (--whole-archive)
arch/arm/cpu/armv8/transition.o
                              (--whole-archive)
arch/arm/cpu/armv8/fwcall.o   (--whole-archive)
arch/arm/cpu/armv8/cpu-dt.o   (--whole-archive)
arch/arm/cpu/armv8/smccc-call.o
                              (--whole-archive)
arch/arm/cpu/armv8/spl_data.o
                              (--whole-archive)
arch/arm/lib/crt0_64.o        (--whole-archive)
arch/arm/lib/setjmp_aarch64.o
                              (--whole-archive)
arch/arm/lib/spl.o            (--whole-archive)
arch/arm/lib/zimage.o         (--whole-archive)
arch/arm/lib/bootm-fdt.o      (--whole-archive)
arch/arm/lib/bdinfo.o         (--whole-archive)
arch/arm/lib/sections.o       (--whole-archive)
arch/arm/lib/stack.o          (--whole-archive)
arch/arm/lib/interrupts_64.o  (--whole-archive)
arch/arm/lib/reset.o          (--whole-archive)
arch/arm/lib/cache.o          (--whole-archive)
arch/arm/lib/psci-dt.o        (--whole-archive)
arch/arm/mach-imx/misc.o      (--whole-archive)
arch/arm/mach-imx/spl.o       (--whole-archive)
arch/arm/mach-imx/dt_optee.o  (--whole-archive)
arch/arm/mach-imx/image-container.o
                              (--whole-archive)
arch/arm/mach-imx/parse-container.o
                              (--whole-archive)
arch/arm/mach-imx/lowlevel.o  (--whole-archive)
arch/arm/mach-imx/imx8/cpu.o  (--whole-archive)
arch/arm/mach-imx/imx8/iomux.o
                              (--whole-archive)
arch/arm/mach-imx/imx8/misc.o
                              (--whole-archive)
arch/arm/mach-imx/imx8/lowlevel_init.o
                              (--whole-archive)
arch/arm/mach-imx/imx8/lpcg.o
                              (--whole-archive)
arch/arm/mach-imx/imx8/clock.o
                              (--whole-archive)
arch/arm/mach-imx/imx8/fdt.o  (--whole-archive)
board/freescale/imx8qxp_mek/imx8qxp_mek.o
                              (--whole-archive)
board/freescale/imx8qxp_mek/spl.o
                              (--whole-archive)
board/freescale/common/mmc.o  (--whole-archive)
common/spl/spl.o              (--whole-archive)
common/spl/spl_legacy.o       (--whole-archive)
common/spl/spl_mmc.o          (--whole-archive)
common/spl/spl_sdp.o          (--whole-archive)
common/init/board_init.o      (--whole-archive)
boot/image.o                  (--whole-archive)
boot/image-board.o            (--whole-archive)
boot/image-android.o          (--whole-archive)
boot/image-android-dt.o       (--whole-archive)
boot/image-fdt.o              (--whole-archive)
common/fdt_support.o          (--whole-archive)
common/console.o              (--whole-archive)
common/dlmalloc.o             (--whole-archive)
common/malloc_simple.o        (--whole-archive)
common/memsize.o              (--whole-archive)
common/stdio.o                (--whole-archive)
common/cli.o                  (--whole-archive)
common/command.o              (--whole-archive)
common/s_record.o             (--whole-archive)
common/xyzModem.o             (--whole-archive)
cmd/nvedit.o                  (--whole-archive)
lib/hash-checksum.o           (--whole-archive)
lib/libfdt/fdt.o              (--whole-archive)
lib/libfdt/fdt_ro.o           (--whole-archive)
lib/libfdt/fdt_wip.o          (--whole-archive)
lib/libfdt/fdt_strerror.o     (--whole-archive)
lib/libfdt/fdt_sw.o           (--whole-archive)
lib/libfdt/fdt_rw.o           (--whole-archive)
lib/libfdt/fdt_empty_tree.o   (--whole-archive)
lib/libfdt/fdt_addresses.o    (--whole-archive)
lib/libfdt/fdt_overlay.o      (--whole-archive)
lib/fdtdec_common.o           (--whole-archive)
lib/fdtdec.o                  (--whole-archive)
lib/net_utils.o               (--whole-archive)
lib/qsort.o                   (--whole-archive)
lib/hashtable.o               (--whole-archive)
lib/errno.o                   (--whole-archive)
lib/display_options.o         (--whole-archive)
lib/crc32.o                   (--whole-archive)
lib/ctype.o                   (--whole-archive)
lib/div64.o                   (--whole-archive)
lib/hang.o                    (--whole-archive)
lib/linux_compat.o            (--whole-archive)
lib/linux_string.o            (--whole-archive)
lib/lmb.o                     (--whole-archive)
lib/membuff.o                 (--whole-archive)
lib/slre.o                    (--whole-archive)
lib/string.o                  (--whole-archive)
lib/tables_csum.o             (--whole-archive)
lib/time.o                    (--whole-archive)
lib/hexdump.o                 (--whole-archive)
lib/uuid.o                    (--whole-archive)
lib/rand.o                    (--whole-archive)
lib/panic.o                   (--whole-archive)
[...]
Memory Configuration

Name             Origin             Length             Attributes
.sram            0x0000000000100000 0x0000000000030000
.sdram           0x0000000000130000 0x0000000000001000
*default*        0x0000000000000000 0xffffffffffffffff

Linker script and memory map


.text           0x0000000000100000    0x15580
                0x0000000000100000                . = ALIGN (0x8)
 *(.__image_copy_start)
 arch/arm/cpu/armv8/start.o(.text*)
 .text          0x0000000000100000      0x130 arch/arm/cpu/armv8/start.o
                0x0000000000100000                _start
                0x0000000000100008                _TEXT_BASE
                0x0000000000100010                _end_ofs
                0x0000000000100018                _bss_start_ofs
                0x0000000000100020                _bss_end_ofs
                0x000000000010002c                save_boot_params_ret
                0x00000000001000c8                apply_core_errata
                0x0000000000100110                smp_kick_all_cpus
                0x0000000000100114                c_runtime_cpu_setup
 *(.text*)
 .text.get_tbclk
                0x0000000000100130        0x8 arch/arm/cpu/armv8/generic_timer.o
                0x0000000000100130                get_tbclk
 .text.get_ticks
                0x0000000000100138       0x10 arch/arm/cpu/armv8/generic_timer.o
                0x0000000000100138                get_ticks
 .text.invalidate_dcache_range
                0x0000000000100148        0x4 arch/arm/cpu/armv8/cache_v8.o
                0x0000000000100148                invalidate_dcache_range
 .text.flush_dcache_range
                0x000000000010014c        0x4 arch/arm/cpu/armv8/cache_v8.o
                0x000000000010014c                flush_dcache_range
 .text.__asm_flush_dcache_range
                0x0000000000100150       0x30 arch/arm/cpu/armv8/cache.o
                0x0000000000100150                __asm_flush_dcache_range
 .text.__asm_invalidate_dcache_range
                0x0000000000100180       0x30 arch/arm/cpu/armv8/cache.o
                0x0000000000100180                __asm_invalidate_dcache_range
 .text.spl_save_restore_data
                0x00000000001001b0       0x60 arch/arm/cpu/armv8/spl_data.o
                0x00000000001001b0                spl_save_restore_data
 .text          0x0000000000100210       0x78 arch/arm/lib/crt0_64.o
                0x0000000000100210                _main
 .text.spl_board_boot_device
                0x0000000000100288       0x24 arch/arm/mach-imx/spl.o
                0x0000000000100288                spl_board_boot_device
 .text.spl_boot_device
                0x00000000001002ac       0x14 arch/arm/mach-imx/spl.o
                0x00000000001002ac                spl_boot_device
 .text.g_dnl_bind_fixup
                0x00000000001002c0       0x18 arch/arm/mach-imx/spl.o
                0x00000000001002c0                g_dnl_bind_fixup
 .text.g_dnl_get_board_bcd_device_number
                0x00000000001002d8        0x8 arch/arm/mach-imx/spl.o
                0x00000000001002d8                g_dnl_get_board_bcd_device_number
 .text.spl_mmc_boot_mode
                0x00000000001002e0       0x48 arch/arm/mach-imx/spl.o
                0x00000000001002e0                spl_mmc_boot_mode
 .text.check_secondary_cnt_set.constprop.0
                0x0000000000100328       0xac arch/arm/mach-imx/image-container.o
 .text.get_container_size
                0x00000000001003d4       0xcc arch/arm/mach-imx/image-container.o
                0x00000000001003d4                get_container_size
 .text.get_dev_container_size.constprop.0
                0x00000000001004a0       0xac arch/arm/mach-imx/image-container.o
 .text.spl_mmc_get_uboot_raw_sector
                0x000000000010054c      0x1b4 arch/arm/mach-imx/image-container.o
                0x000000000010054c                spl_mmc_get_uboot_raw_sector
 .text.spl_mmc_emmc_boot_partition
                0x0000000000100700       0x5c arch/arm/mach-imx/image-container.o
                0x0000000000100700                spl_mmc_emmc_boot_partition
 .text.spl_load_imx_container
                0x000000000010075c      0x2d0 arch/arm/mach-imx/parse-container.o
                0x000000000010075c                spl_load_imx_container
 .text          0x0000000000100a2c       0x1c arch/arm/mach-imx/lowlevel.o
                0x0000000000100a2c                lowlevel_init
 .text.arch_cpu_init
                0x0000000000100a48       0x18 arch/arm/mach-imx/imx8/cpu.o
                0x0000000000100a48                arch_cpu_init
 .text.get_boot_device
                0x0000000000100a60       0xa4 arch/arm/mach-imx/imx8/cpu.o
                0x0000000000100a60                get_boot_device
 .text.get_cpu_rev
                0x0000000000100b04       0x68 arch/arm/mach-imx/imx8/cpu.o
                0x0000000000100b04                get_cpu_rev
 .text.board_boot_order
                0x0000000000100b6c       0x48 arch/arm/mach-imx/imx8/cpu.o
                0x0000000000100b6c                board_boot_order
 .text.board_usb_gadget_port_auto
                0x0000000000100bb4      0x110 arch/arm/mach-imx/imx8/cpu.o
                0x0000000000100bb4                board_usb_gadget_port_auto
 .text.imx8_iomux_setup_pad
                0x0000000000100cc4       0x54 arch/arm/mach-imx/imx8/iomux.o
                0x0000000000100cc4                imx8_iomux_setup_pad
 .text.imx8_iomux_setup_multiple_pads
                0x0000000000100d18       0x44 arch/arm/mach-imx/imx8/iomux.o
                0x0000000000100d18                imx8_iomux_setup_multiple_pads
 .text.sc_pm_setup_uart
                0x0000000000100d5c       0xa0 arch/arm/mach-imx/imx8/misc.o
                0x0000000000100d5c                sc_pm_setup_uart
 *fill*         0x0000000000100dfc        0x4 
 .text          0x0000000000100e00       0x40 arch/arm/mach-imx/imx8/lowlevel_init.o
                0x0000000000100e00                rom_pointer
                0x0000000000100e20                save_boot_params
 .text.lpcg_clock_off
                0x0000000000100e40       0x54 arch/arm/mach-imx/imx8/lpcg.o
                0x0000000000100e40                lpcg_clock_off
 .text.lpcg_clock_on
                0x0000000000100e94       0x60 arch/arm/mach-imx/imx8/lpcg.o
                0x0000000000100e94                lpcg_clock_on
 .text.lpcg_is_clock_on
                0x0000000000100ef4       0x28 arch/arm/mach-imx/imx8/lpcg.o
                0x0000000000100ef4                lpcg_is_clock_on
 .text.lpcg_all_clock_on
                0x0000000000100f1c       0x50 arch/arm/mach-imx/imx8/lpcg.o
                0x0000000000100f1c                lpcg_all_clock_on
 .text.enable_usboh3_clk
                0x0000000000100f6c        0x8 arch/arm/mach-imx/imx8/clock.o
                0x0000000000100f6c                enable_usboh3_clk
 .text.board_early_init_f
                0x0000000000100f74       0x44 board/freescale/imx8qxp_mek/imx8qxp_mek.o
                0x0000000000100f74                board_early_init_f
 .text.board_usb_init
                0x0000000000100fb8       0x3c board/freescale/imx8qxp_mek/imx8qxp_mek.o
                0x0000000000100fb8                board_usb_init
 .text.board_usb_cleanup
                0x0000000000100ff4        0x8 board/freescale/imx8qxp_mek/imx8qxp_mek.o
                0x0000000000100ff4                board_usb_cleanup
 .text.board_quiesce_devices
                0x0000000000100ffc       0x40 board/freescale/imx8qxp_mek/imx8qxp_mek.o
                0x0000000000100ffc                board_quiesce_devices
 .text.spl_board_init
                0x000000000010103c       0x7c board/freescale/imx8qxp_mek/spl.o
                0x000000000010103c                spl_board_init
 .text.spl_board_prepare_for_boot
                0x00000000001010b8        0x4 board/freescale/imx8qxp_mek/spl.o
                0x00000000001010b8                spl_board_prepare_for_boot
 .text.board_init_f
                0x00000000001010bc       0x34 board/freescale/imx8qxp_mek/spl.o
                0x00000000001010bc                board_init_f
 .text.spl_common_init.constprop.0
                0x00000000001010f0       0x3c common/spl/spl.o
 .text.spl_perform_fixups
                0x000000000010112c        0x4 common/spl/spl.o
                0x000000000010112c                spl_perform_fixups
 .text.spl_board_loader_name
                0x0000000000101130        0x8 common/spl/spl.o
                0x0000000000101130                spl_board_loader_name
 .text.spl_get_load_buffer
                0x0000000000101138        0xc common/spl/spl.o
                0x0000000000101138                spl_get_load_buffer
 .text.jump_to_image_no_args
                0x0000000000101144       0x10 common/spl/spl.o
                0x0000000000101144                jump_to_image_no_args
 .text.spl_set_bd
                0x0000000000101154       0x18 common/spl/spl.o
                0x0000000000101154                spl_set_bd
 .text.spl_init
                0x000000000010116c       0x44 common/spl/spl.o
                0x000000000010116c                spl_init
 .text.spl_check_board_image
                0x00000000001011b0        0x8 common/spl/spl.o
                0x00000000001011b0                spl_check_board_image
 .text.board_init_r
                0x00000000001011b8      0x184 common/spl/spl.o
                0x00000000001011b8                board_init_r
 .text.preloader_console_init
                0x000000000010133c       0x30 common/spl/spl.o
                0x000000000010133c                preloader_console_init
 .text.spl_relocate_stack_gd
                0x000000000010136c        0x8 common/spl/spl.o
                0x000000000010136c                spl_relocate_stack_gd
 .text.h_spl_load_read
                0x0000000000101374       0x40 common/spl/spl_mmc.o
                0x0000000000101374                h_spl_load_read
 .text.mmc_image_load_late
                0x00000000001013b4        0x8 common/spl/spl_mmc.o
                0x00000000001013b4                mmc_image_load_late
 .text.spl_mmc_load
                0x00000000001013bc      0x1f4 common/spl/spl_mmc.o
                0x00000000001013bc                spl_mmc_load
 .text.spl_mmc_load_image
                0x00000000001015b0       0x10 common/spl/spl_mmc.o
                0x00000000001015b0                spl_mmc_load_image
 .text.spl_sdp_load_image
                0x00000000001015c0       0xac common/spl/spl_sdp.o
 .text.board_init_f_alloc_reserve
                0x000000000010166c       0x10 common/init/board_init.o
                0x000000000010166c                board_init_f_alloc_reserve
 .text.board_init_f_init_reserve
                0x000000000010167c       0x30 common/init/board_init.o
                0x000000000010167c                board_init_f_init_reserve
 .text.console_puts_select.part.0
                0x00000000001016ac       0x18 common/console.o
 .text.fgetc.part.0
                0x00000000001016c4       0x40 common/console.o
 .text.getchar  0x0000000000101704       0x24 common/console.o
                0x0000000000101704                getchar
 .text.puts     0x0000000000101728       0x28 common/console.o
                0x0000000000101728                puts
 .text.putc     0x0000000000101750       0x38 common/console.o
                0x0000000000101750                putc
 .text.ftstc    0x0000000000101788       0x28 common/console.o
                0x0000000000101788                ftstc
 .text.tstc     0x00000000001017b0       0x24 common/console.o
                0x00000000001017b0                tstc
 .text.ctrlc    0x00000000001017d4       0x54 common/console.o
                0x00000000001017d4                ctrlc
 .text.sbrk     0x0000000000101828       0x70 common/dlmalloc.o
                0x0000000000101828                sbrk
 .text.mem_malloc_init
                0x0000000000101898       0x28 common/dlmalloc.o
                0x0000000000101898                mem_malloc_init
 .text.malloc_trim
                0x00000000001018c0       0xd8 common/dlmalloc.o
                0x00000000001018c0                malloc_trim
 .text.free     0x0000000000101998      0x21c common/dlmalloc.o
                0x0000000000101998                free
 .text.malloc   0x0000000000101bb4      0x62c common/dlmalloc.o
                0x0000000000101bb4                malloc
 .text.calloc   0x00000000001021e0       0xdc common/dlmalloc.o
                0x00000000001021e0                calloc
 .text.memalign
                0x00000000001022bc      0x1b0 common/dlmalloc.o
                0x00000000001022bc                memalign
 .text.alloc_simple
                0x000000000010246c       0x6c common/malloc_simple.o
 .text.malloc_simple
                0x00000000001024d8        0x8 common/malloc_simple.o
                0x00000000001024d8                malloc_simple
 .text.memalign_simple
                0x00000000001024e0       0x10 common/malloc_simple.o
                0x00000000001024e0                memalign_simple
 .text.fdt_check_header
                0x00000000001024f0       0x1c lib/libfdt/fdt.o
                0x00000000001024f0                fdt_check_header
 .text.fdt_offset_ptr
                0x000000000010250c       0x38 lib/libfdt/fdt.o
                0x000000000010250c                fdt_offset_ptr
 .text.fdt_next_tag
                0x0000000000102544       0xc0 lib/libfdt/fdt.o
                0x0000000000102544                fdt_next_tag
 .text.fdt_check_node_offset_
                0x0000000000102604       0x40 lib/libfdt/fdt.o
                0x0000000000102604                fdt_check_node_offset_
 .text.fdt_check_prop_offset_
                0x0000000000102644       0x40 lib/libfdt/fdt.o
                0x0000000000102644                fdt_check_prop_offset_
 .text.fdt_next_node
                0x0000000000102684       0xb0 lib/libfdt/fdt.o
                0x0000000000102684                fdt_next_node
 .text.fdt_first_subnode
                0x0000000000102734       0x34 lib/libfdt/fdt.o
                0x0000000000102734                fdt_first_subnode
 .text.fdt_next_subnode
                0x0000000000102768       0x50 lib/libfdt/fdt.o
                0x0000000000102768                fdt_next_subnode
 .text.fdt_get_property_by_offset_
                0x00000000001027b8       0x24 lib/libfdt/fdt_ro.o
 .text.nextprop_
                0x00000000001027dc       0x64 lib/libfdt/fdt_ro.o
 .text.fdt_get_string
                0x0000000000102840       0x40 lib/libfdt/fdt_ro.o
                0x0000000000102840                fdt_get_string
 .text.fdt_string
                0x0000000000102880        0x8 lib/libfdt/fdt_ro.o
                0x0000000000102880                fdt_string
 .text.fdt_get_name
                0x0000000000102888       0x44 lib/libfdt/fdt_ro.o
                0x0000000000102888                fdt_get_name
 .text.fdt_subnode_offset_namelen
                0x00000000001028cc       0xc4 lib/libfdt/fdt_ro.o
                0x00000000001028cc                fdt_subnode_offset_namelen
 .text.fdt_subnode_offset
                0x0000000000102990       0x44 lib/libfdt/fdt_ro.o
                0x0000000000102990                fdt_subnode_offset
 .text.fdt_first_property_offset
                0x00000000001029d4       0x38 lib/libfdt/fdt_ro.o
                0x00000000001029d4                fdt_first_property_offset
 .text.fdt_next_property_offset
                0x0000000000102a0c       0x38 lib/libfdt/fdt_ro.o
                0x0000000000102a0c                fdt_next_property_offset
 .text.fdt_get_property_namelen_
                0x0000000000102a44       0xc8 lib/libfdt/fdt_ro.o
 .text.fdt_getprop_namelen
                0x0000000000102b0c       0x20 lib/libfdt/fdt_ro.o
                0x0000000000102b0c                fdt_getprop_namelen
 .text.fdt_getprop_by_offset
                0x0000000000102b2c       0x50 lib/libfdt/fdt_ro.o
                0x0000000000102b2c                fdt_getprop_by_offset
 .text.fdt_getprop
                0x0000000000102b7c       0x4c lib/libfdt/fdt_ro.o
                0x0000000000102b7c                fdt_getprop
 .text.fdt_get_phandle
                0x0000000000102bc8       0x78 lib/libfdt/fdt_ro.o
                0x0000000000102bc8                fdt_get_phandle
 .text.fdt_get_alias_namelen
                0x0000000000102c40       0x64 lib/libfdt/fdt_ro.o
                0x0000000000102c40                fdt_get_alias_namelen
 .text.fdt_path_offset_namelen
                0x0000000000102ca4       0xf0 lib/libfdt/fdt_ro.o
                0x0000000000102ca4                fdt_path_offset_namelen
 .text.fdt_path_offset
                0x0000000000102d94       0x34 lib/libfdt/fdt_ro.o
                0x0000000000102d94                fdt_path_offset
 .text.fdt_supernode_atdepth_offset
                0x0000000000102dc8       0xa0 lib/libfdt/fdt_ro.o
                0x0000000000102dc8                fdt_supernode_atdepth_offset
 .text.fdt_node_depth
                0x0000000000102e68       0x24 lib/libfdt/fdt_ro.o
                0x0000000000102e68                fdt_node_depth
 .text.fdt_parent_offset
                0x0000000000102e8c       0x44 lib/libfdt/fdt_ro.o
                0x0000000000102e8c                fdt_parent_offset
 .text.fdt_node_offset_by_phandle
                0x0000000000102ed0       0x78 lib/libfdt/fdt_ro.o
                0x0000000000102ed0                fdt_node_offset_by_phandle
 .text.fdt_stringlist_contains
                0x0000000000102f48       0x98 lib/libfdt/fdt_ro.o
                0x0000000000102f48                fdt_stringlist_contains
 .text.fdt_stringlist_search
                0x0000000000102fe0       0xc4 lib/libfdt/fdt_ro.o
                0x0000000000102fe0                fdt_stringlist_search
 .text.fdt_node_check_compatible
                0x00000000001030a4       0x4c lib/libfdt/fdt_ro.o
                0x00000000001030a4                fdt_node_check_compatible
 .text.fdt_node_offset_by_compatible
                0x00000000001030f0       0x70 lib/libfdt/fdt_ro.o
                0x00000000001030f0                fdt_node_offset_by_compatible
 .text.fdt_cells
                0x0000000000103160       0x48 lib/libfdt/fdt_addresses.o
 .text.fdt_address_cells
                0x00000000001031a8       0x34 lib/libfdt/fdt_addresses.o
                0x00000000001031a8                fdt_address_cells
 .text.fdt_size_cells
                0x00000000001031dc       0x28 lib/libfdt/fdt_addresses.o
                0x00000000001031dc                fdt_size_cells
 .text.fdtdec_get_int
                0x0000000000103204       0x40 lib/fdtdec_common.o
                0x0000000000103204                fdtdec_get_int
 .text.get_prop_check_min_len
                0x0000000000103244       0x48 lib/fdtdec.o
 .text.fdtdec_get_is_enabled
                0x000000000010328c       0x40 lib/fdtdec.o
                0x000000000010328c                fdtdec_get_is_enabled
 .text.fdtdec_get_alias_seq
                0x00000000001032cc      0x128 lib/fdtdec.o
                0x00000000001032cc                fdtdec_get_alias_seq
 .text.fdtdec_get_alias_highest_id
                0x00000000001033f4       0xd4 lib/fdtdec.o
                0x00000000001033f4                fdtdec_get_alias_highest_id
 .text.fdtdec_get_chosen_prop
                0x00000000001034c8       0x44 lib/fdtdec.o
                0x00000000001034c8                fdtdec_get_chosen_prop
 .text.fdtdec_prepare_fdt
                0x000000000010350c       0x44 lib/fdtdec.o
                0x000000000010350c                fdtdec_prepare_fdt
 .text.fdtdec_lookup_phandle
                0x0000000000103550       0x44 lib/fdtdec.o
                0x0000000000103550                fdtdec_lookup_phandle
 .text.fdtdec_get_int_array
                0x0000000000103594       0x60 lib/fdtdec.o
                0x0000000000103594                fdtdec_get_int_array
 .text.fdtdec_get_bool
                0x00000000001035f4       0x20 lib/fdtdec.o
                0x00000000001035f4                fdtdec_get_bool
 .text.fdtdec_parse_phandle_with_args
                0x0000000000103614      0x150 lib/fdtdec.o
                0x0000000000103614                fdtdec_parse_phandle_with_args
 .text.fdtdec_get_number
                0x0000000000103764       0x30 lib/fdtdec.o
                0x0000000000103764                fdtdec_get_number
 .text.fdtdec_get_addr_size_fixed
                0x0000000000103794       0x94 lib/fdtdec.o
                0x0000000000103794                fdtdec_get_addr_size_fixed
 .text.fdtdec_get_addr_size_auto_parent
                0x0000000000103828       0xa8 lib/fdtdec.o
                0x0000000000103828                fdtdec_get_addr_size_auto_parent
 .text.fdtdec_get_addr_size_auto_noparent
                0x00000000001038d0       0x7c lib/fdtdec.o
                0x00000000001038d0                fdtdec_get_addr_size_auto_noparent
 .text.fdtdec_get_addr_size
                0x000000000010394c       0x20 lib/fdtdec.o
                0x000000000010394c                fdtdec_get_addr_size
 .text.fdtdec_board_setup
                0x000000000010396c        0x8 lib/fdtdec.o
                0x000000000010396c                fdtdec_board_setup
 .text.fdtdec_setup
                0x0000000000103974       0x34 lib/fdtdec.o
                0x0000000000103974                fdtdec_setup
 .text.hang     0x00000000001039a8       0x18 lib/hang.o
                0x00000000001039a8                hang
 .text.kmalloc  0x00000000001039c0       0x54 lib/linux_compat.o
                0x00000000001039c0                kmalloc
 .text.strcpy   0x0000000000103a14       0x18 lib/string.o
                0x0000000000103a14                strcpy
 .text.strcmp   0x0000000000103a2c       0x28 lib/string.o
                0x0000000000103a2c                strcmp
 .text.strncmp  0x0000000000103a54       0x38 lib/string.o
                0x0000000000103a54                strncmp
 .text.strchr   0x0000000000103a8c       0x28 lib/string.o
                0x0000000000103a8c                strchr
 .text.strlen   0x0000000000103ab4       0x1c lib/string.o
                0x0000000000103ab4                strlen
 .text.strrchr  0x0000000000103ad0       0x40 lib/string.o
                0x0000000000103ad0                strrchr
 .text.strnlen  0x0000000000103b10       0x28 lib/string.o
                0x0000000000103b10                strnlen
 .text.strdup   0x0000000000103b38       0x4c lib/string.o
                0x0000000000103b38                strdup
 .text.memset   0x0000000000103b84       0x1c lib/string.o
                0x0000000000103b84                memset
 .text.memcpy   0x0000000000103ba0       0x6c lib/string.o
                0x0000000000103ba0                memcpy
 .text.memcmp   0x0000000000103c0c       0x30 lib/string.o
                0x0000000000103c0c                memcmp
 .text.memchr   0x0000000000103c3c       0x30 lib/string.o
                0x0000000000103c3c                memchr
 .text.timer_init
                0x0000000000103c6c        0x8 lib/time.o
                0x0000000000103c6c                timer_init
 .text.get_timer
                0x0000000000103c74       0x3c lib/time.o
                0x0000000000103c74                get_timer
 .text.timer_get_us
                0x0000000000103cb0       0x38 lib/time.o
                0x0000000000103cb0                timer_get_us
 .text.usec_to_tick
                0x0000000000103ce8       0x30 lib/time.o
                0x0000000000103ce8                usec_to_tick
 .text.__udelay
                0x0000000000103d18       0x40 lib/time.o
                0x0000000000103d18                __udelay
 .text.udelay   0x0000000000103d58       0x44 lib/time.o
                0x0000000000103d58                udelay
 .text.panic_str
                0x0000000000103d9c       0x18 lib/panic.o
                0x0000000000103d9c                panic_str
 .text.panic    0x0000000000103db4       0x58 lib/panic.o
                0x0000000000103db4                panic
 .text.__assert_fail
                0x0000000000103e0c       0x18 lib/panic.o
                0x0000000000103e0c                __assert_fail
 .text.div_out  0x0000000000103e24       0x60 lib/tiny-printf.o
 .text.putc_outstr
                0x0000000000103e84       0x14 lib/tiny-printf.o
 .text.putc_normal
                0x0000000000103e98        0x8 lib/tiny-printf.o
 .text._vprintf
                0x0000000000103ea0      0x45c lib/tiny-printf.o
 .text.vprintf  0x00000000001042fc       0x44 lib/tiny-printf.o
                0x00000000001042fc                vprintf
 .text.printf   0x0000000000104340       0x68 lib/tiny-printf.o
                0x0000000000104340                printf
 .text.sprintf  0x00000000001043a8       0x6c lib/tiny-printf.o
                0x00000000001043a8                sprintf
 .text.snprintf
                0x0000000000104414       0x70 lib/tiny-printf.o
                0x0000000000104414                snprintf
 .text.simple_strtoul
                0x0000000000104484       0xc0 lib/strto.o
                0x0000000000104484                simple_strtoul
 .text.dectoul  0x0000000000104544        0x8 lib/strto.o
                0x0000000000104544                dectoul
 .text.trailing_strtoln
                0x000000000010454c       0x74 lib/strto.o
                0x000000000010454c                trailing_strtoln
 .text.trailing_strtol
                0x00000000001045c0        0x8 lib/strto.o
                0x00000000001045c0                trailing_strtol
 .text.part_init
                0x00000000001045c8       0x7c disk/part.o
                0x00000000001045c8                part_init
 .text.clk_clean_rate_cache
                0x0000000000104644       0x5c drivers/clk/clk-uclass.o
 .text.clk_request
                0x00000000001046a0       0x30 drivers/clk/clk-uclass.o
                0x00000000001046a0                clk_request
 .text.clk_get_by_index_tail.part.0.constprop.0
                0x00000000001046d0       0x94 drivers/clk/clk-uclass.o
 .text.clk_get_by_indexed_prop
                0x0000000000104764       0x50 drivers/clk/clk-uclass.o
 .text.clk_get_by_index
                0x00000000001047b4       0x54 drivers/clk/clk-uclass.o
                0x00000000001047b4                clk_get_by_index
 .text.clk_get_by_name
                0x0000000000104808       0x54 drivers/clk/clk-uclass.o
                0x0000000000104808                clk_get_by_name
 .text.clk_free
                0x000000000010485c       0x2c drivers/clk/clk-uclass.o
                0x000000000010485c                clk_free
 .text.clk_get_rate
                0x0000000000104888       0x50 drivers/clk/clk-uclass.o
                0x0000000000104888                clk_get_rate
 .text.clk_set_rate
                0x00000000001048d8       0x7c drivers/clk/clk-uclass.o
                0x00000000001048d8                clk_set_rate
 .text.clk_set_parent
                0x0000000000104954       0x34 drivers/clk/clk-uclass.o
                0x0000000000104954                clk_set_parent
 .text.clk_set_defaults
                0x0000000000104988      0x234 drivers/clk/clk-uclass.o
                0x0000000000104988                clk_set_defaults
 .text.clk_uclass_post_probe
                0x0000000000104bbc       0x1c drivers/clk/clk-uclass.o
                0x0000000000104bbc                clk_uclass_post_probe
 .text.clk_enable
                0x0000000000104bd8       0x34 drivers/clk/clk-uclass.o
                0x0000000000104bd8                clk_enable
 .text.clk_enable_bulk
                0x0000000000104c0c       0x60 drivers/clk/clk-uclass.o
                0x0000000000104c0c                clk_enable_bulk
 .text.clk_disable
                0x0000000000104c6c       0x34 drivers/clk/clk-uclass.o
                0x0000000000104c6c                clk_disable
 .text.clk_release_all
                0x0000000000104ca0       0x7c drivers/clk/clk-uclass.o
                0x0000000000104ca0                clk_release_all
 .text.clk_get_bulk
                0x0000000000104d1c       0xd0 drivers/clk/clk-uclass.o
                0x0000000000104d1c                clk_get_bulk
 .text.dummy_enable
                0x0000000000104dec        0x8 drivers/clk/clk_fixed_rate.o
 .text.clk_fixed_rate_raw_get_rate
                0x0000000000104df4        0x8 drivers/clk/clk_fixed_rate.o
 .text.clk_fixed_rate_get_rate
                0x0000000000104dfc       0x1c drivers/clk/clk_fixed_rate.o
 .text.clk_fixed_rate_ofdata_to_plat_
                0x0000000000104e18       0x50 drivers/clk/clk_fixed_rate.o
                0x0000000000104e18                clk_fixed_rate_ofdata_to_plat_
 .text.clk_fixed_rate_of_to_plat
                0x0000000000104e68       0x30 drivers/clk/clk_fixed_rate.o
 .text.clk_fixed_factor_get_rate
                0x0000000000104e98       0x40 drivers/clk/clk_fixed_factor.o
 .text.clk_fixed_factor_of_to_plat
                0x0000000000104ed8       0x78 drivers/clk/clk_fixed_factor.o
 .text.imx8_clk_probe
                0x0000000000104f50        0x8 drivers/clk/imx/clk-imx8.o
 .text.check_imx8_clk
                0x0000000000104f58       0xa0 drivers/clk/imx/clk-imx8.o
 .text.imx8_clk_set_parent
                0x0000000000104ff8       0xec drivers/clk/imx/clk-imx8.o
 .text.__imx8_clk_get_rate
                0x00000000001050e4       0xf4 drivers/clk/imx/clk-imx8.o
 .text.imx8_clk_get_rate
                0x00000000001051d8       0x18 drivers/clk/imx/clk-imx8.o
 .text.__imx8_clk_enable
                0x00000000001051f0       0xf8 drivers/clk/imx/clk-imx8.o
 .text.imx8_clk_disable
                0x00000000001052e8       0x1c drivers/clk/imx/clk-imx8.o
 .text.imx8_clk_enable
                0x0000000000105304       0x1c drivers/clk/imx/clk-imx8.o
 .text.__imx8_clk_set_rate
                0x0000000000105320      0x120 drivers/clk/imx/clk-imx8.o
 .text.imx8_clk_set_rate
                0x0000000000105440       0x1c drivers/clk/imx/clk-imx8.o
 .text.alloc_priv
                0x000000000010545c       0x64 drivers/core/device.o
 .text.device_bind_common.constprop.0
                0x00000000001054c0      0x278 drivers/core/device.o
 .text.device_bind_with_driver_data
                0x0000000000105738       0x14 drivers/core/device.o
                0x0000000000105738                device_bind_with_driver_data
 .text.device_bind_by_name
                0x000000000010574c       0x7c drivers/core/device.o
                0x000000000010574c                device_bind_by_name
 .text.device_of_to_plat
                0x00000000001057c8      0x118 drivers/core/device.o
                0x00000000001057c8                device_of_to_plat
 .text.device_probe
                0x00000000001058e0      0x1b0 drivers/core/device.o
                0x00000000001058e0                device_probe
 .text.dev_get_plat
                0x0000000000105a90        0xc drivers/core/device.o
                0x0000000000105a90                dev_get_plat
 .text.dev_get_uclass_plat
                0x0000000000105a9c        0xc drivers/core/device.o
                0x0000000000105a9c                dev_get_uclass_plat
 .text.dev_get_priv
                0x0000000000105aa8        0xc drivers/core/device.o
                0x0000000000105aa8                dev_get_priv
 .text.dev_get_uclass_priv
                0x0000000000105ab4        0xc drivers/core/device.o
                0x0000000000105ab4                dev_get_uclass_priv
 .text.device_find_first_child
                0x0000000000105ac0       0x20 drivers/core/device.o
                0x0000000000105ac0                device_find_first_child
 .text.device_find_next_child
                0x0000000000105ae0       0x28 drivers/core/device.o
                0x0000000000105ae0                device_find_next_child
 .text.device_find_first_child_by_uclass
                0x0000000000105b08       0x4c drivers/core/device.o
                0x0000000000105b08                device_find_first_child_by_uclass
 .text.dev_get_parent
                0x0000000000105b54        0x8 drivers/core/device.o
                0x0000000000105b54                dev_get_parent
 .text.dev_get_driver_data
                0x0000000000105b5c        0x8 drivers/core/device.o
                0x0000000000105b5c                dev_get_driver_data
 .text.dev_get_driver_ops
                0x0000000000105b64       0x10 drivers/core/device.o
                0x0000000000105b64                dev_get_driver_ops
 .text.device_get_uclass_id
                0x0000000000105b74       0x10 drivers/core/device.o
                0x0000000000105b74                device_get_uclass_id
 .text.device_set_name_alloced
                0x0000000000105b84       0x10 drivers/core/device.o
                0x0000000000105b84                device_set_name_alloced
 .text.dev_set_uclass_priv
                0x0000000000105b94        0x8 drivers/core/device.o
                0x0000000000105b94                dev_set_uclass_priv
 .text.devfdt_get_addr_index
                0x0000000000105b9c       0x78 drivers/core/fdtaddr.o
                0x0000000000105b9c                devfdt_get_addr_index
 .text.devfdt_get_addr_size_index
                0x0000000000105c14       0x48 drivers/core/fdtaddr.o
                0x0000000000105c14                devfdt_get_addr_size_index
 .text.devfdt_get_addr_name
                0x0000000000105c5c       0x50 drivers/core/fdtaddr.o
                0x0000000000105c5c                devfdt_get_addr_name
 .text.devfdt_get_addr
                0x0000000000105cac        0x8 drivers/core/fdtaddr.o
                0x0000000000105cac                devfdt_get_addr
 .text.lists_driver_lookup_name
                0x0000000000105cb4       0x68 drivers/core/lists.o
                0x0000000000105cb4                lists_driver_lookup_name
 .text.lists_uclass_lookup
                0x0000000000105d1c       0x54 drivers/core/lists.o
                0x0000000000105d1c                lists_uclass_lookup
 .text.lists_bind_drivers
                0x0000000000105d70       0xc8 drivers/core/lists.o
                0x0000000000105d70                lists_bind_drivers
 .text.device_bind_driver_to_node
                0x0000000000105e38       0x68 drivers/core/lists.o
                0x0000000000105e38                device_bind_driver_to_node
 .text.device_bind_driver
                0x0000000000105ea0        0xc drivers/core/lists.o
                0x0000000000105ea0                device_bind_driver
 .text.lists_bind_fdt
                0x0000000000105eac      0x198 drivers/core/lists.o
                0x0000000000105eac                lists_bind_fdt
 .text.dm_scan_fdt_node
                0x0000000000106044       0xc0 drivers/core/root.o
 .text.dm_init  0x0000000000106104       0x5c drivers/core/root.o
                0x0000000000106104                dm_init
 .text.dm_scan_plat
                0x0000000000106160       0x28 drivers/core/root.o
                0x0000000000106160                dm_scan_plat
 .text.dm_scan_fdt_dev
                0x0000000000106188       0x14 drivers/core/root.o
                0x0000000000106188                dm_scan_fdt_dev
 .text.dm_scan_fdt
                0x000000000010619c       0x14 drivers/core/root.o
                0x000000000010619c                dm_scan_fdt
 .text.dm_extended_scan
                0x00000000001061b0       0x84 drivers/core/root.o
                0x00000000001061b0                dm_extended_scan
 .text.dm_scan_other
                0x0000000000106234        0x8 drivers/core/root.o
                0x0000000000106234                dm_scan_other
 .text.dm_init_and_scan
                0x000000000010623c       0x50 drivers/core/root.o
                0x000000000010623c                dm_init_and_scan
 .text.uclass_find
                0x000000000010628c       0x50 drivers/core/uclass.o
                0x000000000010628c                uclass_find
 .text.uclass_get
                0x00000000001062dc      0x134 drivers/core/uclass.o
                0x00000000001062dc                uclass_get
 .text.uclass_find_device
                0x0000000000106410       0x78 drivers/core/uclass.o
                0x0000000000106410                uclass_find_device
 .text.uclass_find_first_device
                0x0000000000106488       0x48 drivers/core/uclass.o
                0x0000000000106488                uclass_find_first_device
 .text.uclass_find_next_device
                0x00000000001064d0       0x2c drivers/core/uclass.o
                0x00000000001064d0                uclass_find_next_device
 .text.uclass_find_device_by_name
                0x00000000001064fc       0x80 drivers/core/uclass.o
                0x00000000001064fc                uclass_find_device_by_name
 .text.uclass_find_next_free_seq
                0x000000000010657c       0x78 drivers/core/uclass.o
                0x000000000010657c                uclass_find_next_free_seq
 .text.uclass_find_device_by_seq
                0x00000000001065f4       0x7c drivers/core/uclass.o
                0x00000000001065f4                uclass_find_device_by_seq
 .text.uclass_find_device_by_of_offset
                0x0000000000106670       0x78 drivers/core/uclass.o
                0x0000000000106670                uclass_find_device_by_of_offset
 .text.uclass_find_device_by_ofnode
                0x00000000001066e8       0x78 drivers/core/uclass.o
                0x00000000001066e8                uclass_find_device_by_ofnode
 .text.uclass_find_device_by_phandle
                0x0000000000106760       0xb4 drivers/core/uclass.o
                0x0000000000106760                uclass_find_device_by_phandle
 .text.uclass_get_device_by_driver
                0x0000000000106814       0x7c drivers/core/uclass.o
                0x0000000000106814                uclass_get_device_by_driver
 .text.uclass_get_device_tail
                0x0000000000106890       0x40 drivers/core/uclass.o
                0x0000000000106890                uclass_get_device_tail
 .text.uclass_get_device
                0x00000000001068d0       0x38 drivers/core/uclass.o
                0x00000000001068d0                uclass_get_device
 .text.uclass_get_device_by_seq
                0x0000000000106908       0x38 drivers/core/uclass.o
                0x0000000000106908                uclass_get_device_by_seq
 .text.uclass_get_device_by_of_offset
                0x0000000000106940       0x38 drivers/core/uclass.o
                0x0000000000106940                uclass_get_device_by_of_offset
 .text.uclass_get_device_by_ofnode
                0x0000000000106978       0x38 drivers/core/uclass.o
                0x0000000000106978                uclass_get_device_by_ofnode
 .text.uclass_get_device_by_phandle_id
                0x00000000001069b0       0x88 drivers/core/uclass.o
                0x00000000001069b0                uclass_get_device_by_phandle_id
 .text.uclass_get_device_by_phandle
                0x0000000000106a38       0x38 drivers/core/uclass.o
                0x0000000000106a38                uclass_get_device_by_phandle
 .text.uclass_first_device
                0x0000000000106a70       0x44 drivers/core/uclass.o
                0x0000000000106a70                uclass_first_device
 .text.uclass_next_device
                0x0000000000106ab4       0x44 drivers/core/uclass.o
                0x0000000000106ab4                uclass_next_device
 .text.uclass_bind_device
                0x0000000000106af8       0x70 drivers/core/uclass.o
                0x0000000000106af8                uclass_bind_device
 .text.uclass_pre_probe_device
                0x0000000000106b68       0x68 drivers/core/uclass.o
                0x0000000000106b68                uclass_pre_probe_device
 .text.uclass_post_probe_device
                0x0000000000106bd0       0x68 drivers/core/uclass.o
                0x0000000000106bd0                uclass_post_probe_device
 .text.simple_bus_post_bind
                0x0000000000106c38       0x5c drivers/core/simple-bus.o
 .text.simple_bus_translate
                0x0000000000106c94       0x4c drivers/core/simple-bus.o
                0x0000000000106c94                simple_bus_translate
 .text.ofnode_read_u32_index
                0x0000000000106ce0       0x70 drivers/core/ofnode.o
                0x0000000000106ce0                ofnode_read_u32_index
 .text.ofnode_read_u32
                0x0000000000106d50        0xc drivers/core/ofnode.o
                0x0000000000106d50                ofnode_read_u32
 .text.ofnode_read_u32_default
                0x0000000000106d5c       0x24 drivers/core/ofnode.o
                0x0000000000106d5c                ofnode_read_u32_default
 .text.ofnode_read_prop
                0x0000000000106d80       0x4c drivers/core/ofnode.o
                0x0000000000106d80                ofnode_read_prop
 .text.ofnode_read_string
                0x0000000000106dcc       0x44 drivers/core/ofnode.o
                0x0000000000106dcc                ofnode_read_string
 .text.ofnode_read_size
                0x0000000000106e10       0x28 drivers/core/ofnode.o
                0x0000000000106e10                ofnode_read_size
 .text.ofnode_find_subnode
                0x0000000000106e38       0x2c drivers/core/ofnode.o
                0x0000000000106e38                ofnode_find_subnode
 .text.ofnode_read_u32_array
                0x0000000000106e64       0x18 drivers/core/ofnode.o
                0x0000000000106e64                ofnode_read_u32_array
 .text.ofnode_get_parent
                0x0000000000106e7c       0x20 drivers/core/ofnode.o
                0x0000000000106e7c                ofnode_get_parent
 .text.ofnode_get_name
                0x0000000000106e9c       0x1c drivers/core/ofnode.o
                0x0000000000106e9c                ofnode_get_name
 .text.ofnode_stringlist_search
                0x0000000000106eb8       0x40 drivers/core/ofnode.o
                0x0000000000106eb8                ofnode_stringlist_search
 .text.ofnode_parse_phandle_with_args
                0x0000000000106ef8       0x70 drivers/core/ofnode.o
                0x0000000000106ef8                ofnode_parse_phandle_with_args
 .text.ofnode_count_phandle_with_args
                0x0000000000106f68       0x20 drivers/core/ofnode.o
                0x0000000000106f68                ofnode_count_phandle_with_args
 .text.ofnode_path
                0x0000000000106f88       0x28 drivers/core/ofnode.o
                0x0000000000106f88                ofnode_path
 .text.ofnode_get_property
                0x0000000000106fb0       0x14 drivers/core/ofnode.o
                0x0000000000106fb0                ofnode_get_property
 .text.ofnode_read_bool
                0x0000000000106fc4       0x20 drivers/core/ofnode.o
                0x0000000000106fc4                ofnode_read_bool
 .text.ofnode_is_available
                0x0000000000106fe4       0x24 drivers/core/ofnode.o
                0x0000000000106fe4                ofnode_is_available
 .text.ofnode_pre_reloc
                0x0000000000107008        0x8 drivers/core/ofnode.o
                0x0000000000107008                ofnode_pre_reloc
 .text.ofnode_by_compatible
                0x0000000000107010       0x2c drivers/core/ofnode.o
                0x0000000000107010                ofnode_by_compatible
 .text._gpio_get_value
                0x000000000010703c       0x44 drivers/gpio/gpio-uclass.o
 .text.gpio_post_bind
                0x0000000000107080        0x8 drivers/gpio/gpio-uclass.o
 .text.gpio_to_device
                0x0000000000107088       0x88 drivers/gpio/gpio-uclass.o
 .text.check_reserved
                0x0000000000107110       0x78 drivers/gpio/gpio-uclass.o
 .text.gpio_renumber
                0x0000000000107188       0x90 drivers/gpio/gpio-uclass.o
 .text.gpio_pre_remove
                0x0000000000107218       0x5c drivers/gpio/gpio-uclass.o
 .text.gpio_post_probe
                0x0000000000107274       0x48 drivers/gpio/gpio-uclass.o
 .text.gpio_flags_xlate
                0x00000000001072bc       0x30 drivers/gpio/gpio-uclass.o
                0x00000000001072bc                gpio_flags_xlate
 .text.gpio_xlate_offs_flags
                0x00000000001072ec       0x68 drivers/gpio/gpio-uclass.o
                0x00000000001072ec                gpio_xlate_offs_flags
 .text.dm_gpio_request
                0x0000000000107354       0xb8 drivers/gpio/gpio-uclass.o
                0x0000000000107354                dm_gpio_request
 .text.dm_gpio_get_value
                0x000000000010740c       0x3c drivers/gpio/gpio-uclass.o
                0x000000000010740c                dm_gpio_get_value
 .text.dm_gpio_set_value
                0x0000000000107448       0xcc drivers/gpio/gpio-uclass.o
                0x0000000000107448                dm_gpio_set_value
 .text.dm_gpio_clrset_flags
                0x0000000000107514      0x104 drivers/gpio/gpio-uclass.o
                0x0000000000107514                dm_gpio_clrset_flags
 .text.gpio_direction_output
                0x0000000000107618       0x44 drivers/gpio/gpio-uclass.o
                0x0000000000107618                gpio_direction_output
 .text.dm_gpio_set_dir_flags
                0x000000000010765c        0xc drivers/gpio/gpio-uclass.o
                0x000000000010765c                dm_gpio_set_dir_flags
 .text.gpio_request_tail.constprop.0
                0x0000000000107668       0xd0 drivers/gpio/gpio-uclass.o
 .text.gpio_request_by_name
                0x0000000000107738       0x80 drivers/gpio/gpio-uclass.o
                0x0000000000107738                gpio_request_by_name
 .text.mxc_gpio_bind
                0x00000000001077b8        0x8 drivers/gpio/mxc_gpio.o
 .text.mxc_gpio_get_function
                0x00000000001077c0       0x3c drivers/gpio/mxc_gpio.o
 .text.mxc_gpio_set_value
                0x00000000001077fc       0x54 drivers/gpio/mxc_gpio.o
 .text.mxc_gpio_get_value
                0x0000000000107850       0x34 drivers/gpio/mxc_gpio.o
 .text.mxc_gpio_direction_input
                0x0000000000107884       0x44 drivers/gpio/mxc_gpio.o
 .text.mxc_gpio_of_to_plat
                0x00000000001078c8       0x4c drivers/gpio/mxc_gpio.o
 .text.mxc_gpio_probe
                0x0000000000107914       0x84 drivers/gpio/mxc_gpio.o
 .text.mxc_gpio_direction_output
                0x0000000000107998       0x6c drivers/gpio/mxc_gpio.o
 .text.misc_call
                0x0000000000107a04       0x20 drivers/misc/misc-uclass.o
                0x0000000000107a04                misc_call
 .text.sc_pm_set_clock_rate
                0x0000000000107a24       0x9c drivers/misc/imx8/scu_api.o
                0x0000000000107a24                sc_pm_set_clock_rate
 .text.sc_pm_get_clock_rate
                0x0000000000107ac0       0x98 drivers/misc/imx8/scu_api.o
                0x0000000000107ac0                sc_pm_get_clock_rate
 .text.sc_pm_clock_enable
                0x0000000000107b58       0xa4 drivers/misc/imx8/scu_api.o
                0x0000000000107b58                sc_pm_clock_enable
 .text.sc_pm_set_clock_parent
                0x0000000000107bfc       0x90 drivers/misc/imx8/scu_api.o
                0x0000000000107bfc                sc_pm_set_clock_parent
 .text.sc_pm_set_resource_power_mode
                0x0000000000107c8c       0x8c drivers/misc/imx8/scu_api.o
                0x0000000000107c8c                sc_pm_set_resource_power_mode
 .text.sc_pad_set
                0x0000000000107d18       0x88 drivers/misc/imx8/scu_api.o
                0x0000000000107d18                sc_pad_set
 .text.sc_misc_set_control
                0x0000000000107da0       0x8c drivers/misc/imx8/scu_api.o
                0x0000000000107da0                sc_misc_set_control
 .text.sc_misc_get_control
                0x0000000000107e2c       0x98 drivers/misc/imx8/scu_api.o
                0x0000000000107e2c                sc_misc_get_control
 .text.sc_misc_get_boot_dev
                0x0000000000107ec4       0x74 drivers/misc/imx8/scu_api.o
                0x0000000000107ec4                sc_misc_get_boot_dev
 .text.sc_misc_get_boot_container
                0x0000000000107f38       0x60 drivers/misc/imx8/scu_api.o
                0x0000000000107f38                sc_misc_get_boot_container
 .text.sc_misc_otp_fuse_read
                0x0000000000107f98       0x64 drivers/misc/imx8/scu_api.o
                0x0000000000107f98                sc_misc_otp_fuse_read
 .text.sc_rm_is_resource_owned
                0x0000000000107ffc       0xac drivers/misc/imx8/scu_api.o
                0x0000000000107ffc                sc_rm_is_resource_owned
 .text.sc_rm_is_pad_owned
                0x00000000001080a8       0xac drivers/misc/imx8/scu_api.o
                0x00000000001080a8                sc_rm_is_pad_owned
 .text.imx8_scu_remove
                0x0000000000108154        0x8 drivers/misc/imx8/scu.o
 .text.mu_hal_receivemsg
                0x000000000010815c       0xa8 drivers/misc/imx8/scu.o
 .text.imx8_scu_probe
                0x0000000000108204       0x58 drivers/misc/imx8/scu.o
 .text.mu_hal_sendmsg
                0x000000000010825c       0xa0 drivers/misc/imx8/scu.o
 .text.imx8_scu_call
                0x00000000001082fc      0x160 drivers/misc/imx8/scu.o
 .text.imx8_scu_bind
                0x000000000010845c        0x8 drivers/misc/imx8/scu.o
 .text.mmc_send_op_cond_iter
                0x0000000000108464       0x74 drivers/mmc/mmc.o
 .text.mmc_go_idle
                0x00000000001084d8       0x50 drivers/mmc/mmc.o
 .text.mmc_set_capacity
                0x0000000000108528       0x80 drivers/mmc/mmc.o
 .text.sd_get_capabilities
                0x00000000001085a8      0x1b8 drivers/mmc/mmc.o
 .text.mmc_power_on.isra.0
                0x0000000000108760       0x50 drivers/mmc/mmc.o
 .text.mmc_send_status
                0x00000000001087b0       0x70 drivers/mmc/mmc.o
                0x00000000001087b0                mmc_send_status
 .text.__mmc_switch.constprop.0
                0x0000000000108820      0x12c drivers/mmc/mmc.o
 .text.mmc_set_blocklen
                0x000000000010894c       0x3c drivers/mmc/mmc.o
                0x000000000010894c                mmc_set_blocklen
 .text.mmc_bread
                0x0000000000108988      0x18c drivers/mmc/mmc.o
                0x0000000000108988                mmc_bread
 .text.mmc_send_ext_csd
                0x0000000000108b14       0x40 drivers/mmc/mmc.o
                0x0000000000108b14                mmc_send_ext_csd
 .text.mmc_read_and_compare_ext_csd
                0x0000000000108b54       0xa8 drivers/mmc/mmc.o
 .text.mmc_set_card_speed.constprop.0
                0x0000000000108bfc       0x9c drivers/mmc/mmc.o
 .text.mmc_switch
                0x0000000000108c98        0x4 drivers/mmc/mmc.o
                0x0000000000108c98                mmc_switch
 .text.mmc_startup_v4.constprop.0
                0x0000000000108c9c      0x244 drivers/mmc/mmc.o
 .text.mmc_switch_part
                0x0000000000108ee0       0x94 drivers/mmc/mmc.o
                0x0000000000108ee0                mmc_switch_part
 .text.mmc_set_clock
                0x0000000000108f74       0x30 drivers/mmc/mmc.o
                0x0000000000108f74                mmc_set_clock
 .text.mmc_get_op_cond
                0x0000000000108fa4      0x2c4 drivers/mmc/mmc.o
                0x0000000000108fa4                mmc_get_op_cond
 .text.mmc_start_init
                0x0000000000109268       0x74 drivers/mmc/mmc.o
                0x0000000000109268                mmc_start_init
 .text.mmc_init
                0x00000000001092dc      0x8ec drivers/mmc/mmc.o
                0x00000000001092dc                mmc_init
 .text.mmc_init_device
                0x0000000000109bc8       0x70 drivers/mmc/mmc.o
                0x0000000000109bc8                mmc_init_device
 .text.mmc_blk_probe
                0x0000000000109c38       0x1c drivers/mmc/mmc-uclass.o
 .text.mmc_set_ios
                0x0000000000109c54       0x24 drivers/mmc/mmc-uclass.o
                0x0000000000109c54                mmc_set_ios
 .text.mmc_wait_dat0
                0x0000000000109c78       0x24 drivers/mmc/mmc-uclass.o
                0x0000000000109c78                mmc_wait_dat0
 .text.mmc_getcd
                0x0000000000109c9c       0x24 drivers/mmc/mmc-uclass.o
                0x0000000000109c9c                mmc_getcd
 .text.mmc_host_power_cycle
                0x0000000000109cc0       0x24 drivers/mmc/mmc-uclass.o
                0x0000000000109cc0                mmc_host_power_cycle
 .text.mmc_deferred_probe
                0x0000000000109ce4       0x24 drivers/mmc/mmc-uclass.o
                0x0000000000109ce4                mmc_deferred_probe
 .text.mmc_reinit
                0x0000000000109d08       0x24 drivers/mmc/mmc-uclass.o
                0x0000000000109d08                mmc_reinit
 .text.mmc_of_parse
                0x0000000000109d2c      0x354 drivers/mmc/mmc-uclass.o
                0x0000000000109d2c                mmc_of_parse
 .text.mmc_get_mmc_dev
                0x000000000010a080       0x28 drivers/mmc/mmc-uclass.o
                0x000000000010a080                mmc_get_mmc_dev
 .text.mmc_get_b_max
                0x000000000010a0a8       0x6c drivers/mmc/mmc-uclass.o
                0x000000000010a0a8                mmc_get_b_max
 .text.mmc_send_cmd
                0x000000000010a114       0x68 drivers/mmc/mmc-uclass.o
                0x000000000010a114                mmc_send_cmd
 .text.mmc_select_hwpart
                0x000000000010a17c       0x78 drivers/mmc/mmc-uclass.o
 .text.find_mmc_device
                0x000000000010a1f4       0x54 drivers/mmc/mmc-uclass.o
                0x000000000010a1f4                find_mmc_device
 .text.mmc_get_blk_desc
                0x000000000010a248       0x2c drivers/mmc/mmc-uclass.o
                0x000000000010a248                mmc_get_blk_desc
 .text.mmc_bind
                0x000000000010a274       0xa8 drivers/mmc/mmc-uclass.o
                0x000000000010a274                mmc_bind
 .text.fsl_esdhc_wait_dat0
                0x000000000010a31c       0xc8 drivers/mmc/fsl_esdhc_imx.o
 .text.set_sysctl
                0x000000000010a3e4      0x100 drivers/mmc/fsl_esdhc_imx.o
 .text.fsl_esdhc_set_ios
                0x000000000010a4e4       0xc0 drivers/mmc/fsl_esdhc_imx.o
 .text.fsl_esdhc_get_cd
                0x000000000010a5a4       0x8c drivers/mmc/fsl_esdhc_imx.o
 .text.fsl_esdhc_reinit
                0x000000000010a630      0x108 drivers/mmc/fsl_esdhc_imx.o
 .text.fsl_esdhc_of_to_plat
                0x000000000010a738      0x1d4 drivers/mmc/fsl_esdhc_imx.o
 .text.fsl_esdhc_probe
                0x000000000010a90c      0x2cc drivers/mmc/fsl_esdhc_imx.o
 .text.fsl_esdhc_bind
                0x000000000010abd8       0x2c drivers/mmc/fsl_esdhc_imx.o
 .text.fsl_esdhc_send_cmd
                0x000000000010ac04      0x3c8 drivers/mmc/fsl_esdhc_imx.o
 .text.phy_get_counts
                0x000000000010afcc       0x6c drivers/phy/phy-uclass.o
 .text.phy_uclass_pre_probe
                0x000000000010b038       0x1c drivers/phy/phy-uclass.o
 .text.phy_uclass_pre_remove
                0x000000000010b054       0x50 drivers/phy/phy-uclass.o
 .text.generic_phy_get_by_index_nodev
                0x000000000010b0a4      0x184 drivers/phy/phy-uclass.o
                0x000000000010b0a4                generic_phy_get_by_index_nodev
 .text.generic_phy_get_by_index
                0x000000000010b228        0x8 drivers/phy/phy-uclass.o
                0x000000000010b228                generic_phy_get_by_index
 .text.generic_phy_init
                0x000000000010b230       0xcc drivers/phy/phy-uclass.o
                0x000000000010b230                generic_phy_init
 .text.cdns3_usb_phy_init
                0x000000000010b2fc      0x310 drivers/phy/cdns3-usb-phy.o
 .text.cdns3_usb_phy_remove
                0x000000000010b60c       0x44 drivers/phy/cdns3-usb-phy.o
 .text.cdns3_usb_phy_probe
                0x000000000010b650       0x84 drivers/phy/cdns3-usb-phy.o
 .text.pinconfig_post_bind
                0x000000000010b6d4      0x110 drivers/pinctrl/pinctrl-uclass.o
 .text.pinctrl_post_bind
                0x000000000010b7e4       0x28 drivers/pinctrl/pinctrl-uclass.o
 .text.pinctrl_select_state
                0x000000000010b80c      0x1a4 drivers/pinctrl/pinctrl-uclass.o
                0x000000000010b80c                pinctrl_select_state
 .text.imx_pinctrl_set_state
                0x000000000010b9b0      0x358 drivers/pinctrl/nxp/pinctrl-imx.o
 .text.imx_pinctrl_probe
                0x000000000010bd08      0x13c drivers/pinctrl/nxp/pinctrl-imx.o
                0x000000000010bd08                imx_pinctrl_probe
 .text.imx_pinctrl_remove
                0x000000000010be44       0x18 drivers/pinctrl/nxp/pinctrl-imx.o
                0x000000000010be44                imx_pinctrl_remove
 .text.imx_pinctrl_scu_conf_pins
                0x000000000010be5c       0xac drivers/pinctrl/nxp/pinctrl-scu.o
                0x000000000010be5c                imx_pinctrl_scu_conf_pins
 .text.imx8_pinctrl_probe
                0x000000000010bf08       0x28 drivers/pinctrl/nxp/pinctrl-imx8.o
 .text.power_domain_lookup_name
                0x000000000010bf30       0xe0 drivers/power/domain/power-domain-uclass.o
                0x000000000010bf30                power_domain_lookup_name
 .text.power_domain_get_by_index
                0x000000000010c010       0xac drivers/power/domain/power-domain-uclass.o
                0x000000000010c010                power_domain_get_by_index
 .text.power_domain_get
                0x000000000010c0bc        0x8 drivers/power/domain/power-domain-uclass.o
                0x000000000010c0bc                power_domain_get
 .text.power_domain_on
                0x000000000010c0c4       0x18 drivers/power/domain/power-domain-uclass.o
                0x000000000010c0c4                power_domain_on
 .text.power_domain_off
                0x000000000010c0dc       0x18 drivers/power/domain/power-domain-uclass.o
                0x000000000010c0dc                power_domain_off
 .text.dev_power_domain_ctrl
                0x000000000010c0f4       0xa8 drivers/power/domain/power-domain-uclass.o
 .text.dev_power_domain_on
                0x000000000010c19c        0x8 drivers/power/domain/power-domain-uclass.o
                0x000000000010c19c                dev_power_domain_on
 .text.imx8_power_domain_request
                0x000000000010c1a4        0x8 drivers/power/domain/imx8-power-domain-legacy.o
 .text.imx8_power_domain_of_xlate
                0x000000000010c1ac        0x8 drivers/power/domain/imx8-power-domain-legacy.o
 .text.imx8_power_domain_probe
                0x000000000010c1b4       0x20 drivers/power/domain/imx8-power-domain-legacy.o
 .text.imx8_power_domain_on
                0x000000000010c1d4       0xe4 drivers/power/domain/imx8-power-domain-legacy.o
 .text.imx8_power_domain_of_to_plat
                0x000000000010c2b8       0x54 drivers/power/domain/imx8-power-domain-legacy.o
 .text.imx8_power_domain_bind
                0x000000000010c30c       0xd0 drivers/power/domain/imx8-power-domain-legacy.o
 .text.imx8_power_domain_off_parentnodes.isra.0
                0x000000000010c3dc       0xdc drivers/power/domain/imx8-power-domain-legacy.o
 .text.imx8_power_domain_off
                0x000000000010c4b8      0x128 drivers/power/domain/imx8-power-domain-legacy.o
 .text.imx8_power_domain_free
                0x000000000010c5e0        0x8 drivers/power/domain/imx8-power-domain-legacy.o
 .text.imx8_power_off_pd_devices
                0x000000000010c5e8       0x84 drivers/power/domain/imx8-power-domain-legacy.o
                0x000000000010c5e8                imx8_power_off_pd_devices
 .text.imx8_power_domain_free
                0x000000000010c66c       0x2c drivers/power/domain/imx8-power-domain.o
 .text.imx8_power_domain_request
                0x000000000010c698       0x2c drivers/power/domain/imx8-power-domain.o
 .text.imx8_power_domain_probe
                0x000000000010c6c4       0x2c drivers/power/domain/imx8-power-domain.o
 .text.imx8_power_domain_off
                0x000000000010c6f0       0x64 drivers/power/domain/imx8-power-domain.o
 .text.imx8_power_domain_on
                0x000000000010c754       0x64 drivers/power/domain/imx8-power-domain.o
 .text.regulator_pre_probe
                0x000000000010c7b8      0x1b0 drivers/power/regulator/regulator-uclass.o
 .text.regulator_post_bind
                0x000000000010c968       0xcc drivers/power/regulator/regulator-uclass.o
 .text.regulator_get_value
                0x000000000010ca34       0x44 drivers/power/regulator/regulator-uclass.o
                0x000000000010ca34                regulator_get_value
 .text.regulator_get_enable
                0x000000000010ca78       0x44 drivers/power/regulator/regulator-uclass.o
                0x000000000010ca78                regulator_get_enable
 .text.regulator_set_enable
                0x000000000010cabc       0xe4 drivers/power/regulator/regulator-uclass.o
                0x000000000010cabc                regulator_set_enable
 .text.device_get_supply_regulator
                0x000000000010cba0       0x14 drivers/power/regulator/regulator-uclass.o
                0x000000000010cba0                device_get_supply_regulator
 .text.regulator_common_of_to_plat
                0x000000000010cbb4       0xdc drivers/power/regulator/regulator_common.o
                0x000000000010cbb4                regulator_common_of_to_plat
 .text.regulator_common_get_enable
                0x000000000010cc90       0x18 drivers/power/regulator/regulator_common.o
                0x000000000010cc90                regulator_common_get_enable
 .text.regulator_common_set_enable
                0x000000000010cca8       0x94 drivers/power/regulator/regulator_common.o
                0x000000000010cca8                regulator_common_set_enable
 .text.fixed_regulator_set_enable
                0x000000000010cd3c       0x30 drivers/power/regulator/fixed.o
 .text.fixed_regulator_get_enable
                0x000000000010cd6c       0x28 drivers/power/regulator/fixed.o
 .text.fixed_regulator_get_current
                0x000000000010cd94       0x38 drivers/power/regulator/fixed.o
 .text.fixed_regulator_get_value
                0x000000000010cdcc       0x38 drivers/power/regulator/fixed.o
 .text.fixed_regulator_of_to_plat
                0x000000000010ce04       0x58 drivers/power/regulator/fixed.o
 .text._serial_putc
                0x000000000010ce5c       0x58 drivers/serial/serial-uclass.o
 .text.serial_post_probe
                0x000000000010ceb4       0x24 drivers/serial/serial-uclass.o
 .text.serial_pre_remove
                0x000000000010ced8        0x8 drivers/serial/serial-uclass.o
 .text.serial_putc
                0x000000000010cee0       0x18 drivers/serial/serial-uclass.o
                0x000000000010cee0                serial_putc
 .text.serial_puts
                0x000000000010cef8       0x74 drivers/serial/serial-uclass.o
                0x000000000010cef8                serial_puts
 .text.serial_getc
                0x000000000010cf6c       0x50 drivers/serial/serial-uclass.o
                0x000000000010cf6c                serial_getc
 .text.serial_tstc
                0x000000000010cfbc       0x38 drivers/serial/serial-uclass.o
                0x000000000010cfbc                serial_tstc
 .text.serial_setbrg
                0x000000000010cff4       0x30 drivers/serial/serial-uclass.o
                0x000000000010cff4                serial_setbrg
 .text.serial_init
                0x000000000010d024      0x178 drivers/serial/serial-uclass.o
                0x000000000010d024                serial_init
 .text.get_lpuart_clk_rate
                0x000000000010d19c       0xc4 drivers/serial/serial_lpuart.o
 .text._lpuart32_serial_setbrg_7ulp
                0x000000000010d260       0xe4 drivers/serial/serial_lpuart.o
 .text._lpuart_serial_setbrg
                0x000000000010d344       0x5c drivers/serial/serial_lpuart.o
 .text.lpuart_serial_of_to_plat
                0x000000000010d3a0      0x128 drivers/serial/serial_lpuart.o
 .text.lpuart_read32
                0x000000000010d4c8       0x20 drivers/serial/serial_lpuart.o
 .text.lpuart_write32
                0x000000000010d4e8       0x14 drivers/serial/serial_lpuart.o
 .text._lpuart32_serial_setbrg
                0x000000000010d4fc       0x68 drivers/serial/serial_lpuart.o
 .text.lpuart_serial_pending
                0x000000000010d564       0xb0 drivers/serial/serial_lpuart.o
 .text.lpuart_serial_probe
                0x000000000010d614      0x204 drivers/serial/serial_lpuart.o
 .text.lpuart_serial_setbrg
                0x000000000010d818       0x78 drivers/serial/serial_lpuart.o
 .text.lpuart_serial_getc
                0x000000000010d890       0xdc drivers/serial/serial_lpuart.o
 .text.lpuart_serial_putc
                0x000000000010d96c       0x98 drivers/serial/serial_lpuart.o
 .text.caam_get_era
                0x000000000010da04       0x78 drivers/crypto/fsl/sec.o
                0x000000000010da04                caam_get_era
 .text.jr_dequeue
                0x000000000010da7c      0x14c drivers/crypto/fsl/jr.o
 .text.caam_jr_bind
                0x000000000010dbc8        0x8 drivers/crypto/fsl/jr.o
 .text.desc_done
                0x000000000010dbd0       0x2c drivers/crypto/fsl/jr.o
 .text.jr_enqueue.constprop.0
                0x000000000010dbfc      0x130 drivers/crypto/fsl/jr.o
 .text.run_descriptor_jr
                0x000000000010dd2c       0xa4 drivers/crypto/fsl/jr.o
                0x000000000010dd2c                run_descriptor_jr
 .text.caam_jr_ioctl
                0x000000000010ddd0       0x14 drivers/crypto/fsl/jr.o
 .text.jr_reset
                0x000000000010dde4       0xd8 drivers/crypto/fsl/jr.o
                0x000000000010dde4                jr_reset
 .text.sec_init_idx
                0x000000000010debc      0x560 drivers/crypto/fsl/jr.o
                0x000000000010debc                sec_init_idx
 .text.sec_init
                0x000000000010e41c        0x8 drivers/crypto/fsl/jr.o
                0x000000000010e41c                sec_init
 .text.caam_jr_probe
                0x000000000010e424      0x138 drivers/crypto/fsl/jr.o
 .text.inline_cnstr_jobdesc_rng_instantiation
                0x000000000010e55c       0x68 drivers/crypto/fsl/jobdesc.o
                0x000000000010e55c                inline_cnstr_jobdesc_rng_instantiation
 .text.inline_cnstr_jobdesc_rng_deinstantiation
                0x000000000010e5c4       0x24 drivers/crypto/fsl/jobdesc.o
                0x000000000010e5c4                inline_cnstr_jobdesc_rng_deinstantiation
 .text.report_jump_status
                0x000000000010e5e8        0x4 drivers/crypto/fsl/error.o
 .text.report_deco_status
                0x000000000010e5ec       0x6c drivers/crypto/fsl/error.o
 .text.report_ccb_status
                0x000000000010e658       0x50 drivers/crypto/fsl/error.o
 .text.report_jr_status
                0x000000000010e6a8        0x4 drivers/crypto/fsl/error.o
 .text.report_cond_code_status
                0x000000000010e6ac        0x4 drivers/crypto/fsl/error.o
 .text.caam_jr_strstatus
                0x000000000010e6b0       0x2c drivers/crypto/fsl/error.o
                0x000000000010e6b0                caam_jr_strstatus
 .text.usb_ep_autoconfig
                0x000000000010e6dc      0x22c drivers/usb/gadget/epautoconf.o
                0x000000000010e6dc                usb_ep_autoconfig
 .text.usb_ep_autoconfig_reset
                0x000000000010e908       0x30 drivers/usb/gadget/epautoconf.o
                0x000000000010e908                usb_ep_autoconfig_reset
 .text.usb_descriptor_fillbuf
                0x000000000010e938       0x84 drivers/usb/gadget/config.o
                0x000000000010e938                usb_descriptor_fillbuf
 .text.usb_gadget_get_string
                0x000000000010e9bc      0x194 drivers/usb/gadget/usbstring.o
                0x000000000010e9bc                usb_gadget_get_string
 .text.count_configs
                0x000000000010eb50       0x84 drivers/usb/gadget/g_dnl.o
 .text.reset_config
                0x000000000010ebd4       0x5c drivers/usb/gadget/g_dnl.o
 .text.collect_langs
                0x000000000010ec30       0x54 drivers/usb/gadget/g_dnl.o
 .text.composite_setup_complete
                0x000000000010ec84        0x4 drivers/usb/gadget/g_dnl.o
 .text.composite_disconnect
                0x000000000010ec88       0x50 drivers/usb/gadget/g_dnl.o
 .text.composite_suspend
                0x000000000010ecd8       0x80 drivers/usb/gadget/g_dnl.o
 .text.composite_resume
                0x000000000010ed58       0x7c drivers/usb/gadget/g_dnl.o
 .text.g_dnl_unbind
                0x000000000010edd4       0x34 drivers/usb/gadget/g_dnl.o
 .text.lookup_string
                0x000000000010ee08       0x64 drivers/usb/gadget/g_dnl.o
 .text.composite_unbind
                0x000000000010ee6c      0x11c drivers/usb/gadget/g_dnl.o
 .text.composite_bind
                0x000000000010ef88      0x204 drivers/usb/gadget/g_dnl.o
 .text.g_dnl_do_config
                0x000000000010f18c       0x5c drivers/usb/gadget/g_dnl.o
 .text.composite_setup
                0x000000000010f1e8      0x9cc drivers/usb/gadget/g_dnl.o
 .text.usb_add_function
                0x000000000010fbb4       0xd8 drivers/usb/gadget/g_dnl.o
                0x000000000010fbb4                usb_add_function
 .text.usb_interface_id
                0x000000000010fc8c       0x2c drivers/usb/gadget/g_dnl.o
                0x000000000010fc8c                usb_interface_id
 .text.usb_add_config
                0x000000000010fcb8      0x120 drivers/usb/gadget/g_dnl.o
                0x000000000010fcb8                usb_add_config
 .text.usb_string_id
                0x000000000010fdd8       0x28 drivers/usb/gadget/g_dnl.o
                0x000000000010fdd8                usb_string_id
 .text.usb_composite_register
                0x000000000010fe00       0x74 drivers/usb/gadget/g_dnl.o
                0x000000000010fe00                usb_composite_register
 .text.g_dnl_bind
                0x000000000010fe74      0x198 drivers/usb/gadget/g_dnl.o
 .text.g_dnl_clear_detach
                0x000000000011000c        0xc drivers/usb/gadget/g_dnl.o
                0x000000000011000c                g_dnl_clear_detach
 .text.g_dnl_register
                0x0000000000110018       0x4c drivers/usb/gadget/g_dnl.o
                0x0000000000110018                g_dnl_register
 .text.sdp_get_alt
                0x0000000000110064        0x8 drivers/usb/gadget/f_sdp.o
 .text.sdp_tx_complete
                0x000000000011006c       0x9c drivers/usb/gadget/f_sdp.o
 .text.sdp_load_read
                0x0000000000110108       0x30 drivers/usb/gadget/f_sdp.o
 .text.sdp_rx_data_complete
                0x0000000000110138       0xe8 drivers/usb/gadget/f_sdp.o
 .text.sdp_setup
                0x0000000000110220      0x140 drivers/usb/gadget/f_sdp.o
 .text.sdp_rx_command_complete
                0x0000000000110360      0x22c drivers/usb/gadget/f_sdp.o
 .text.alloc_ep_req
                0x000000000011058c       0x74 drivers/usb/gadget/f_sdp.o
 .text.sdp_add  0x0000000000110600       0xfc drivers/usb/gadget/f_sdp.o
                0x0000000000110600                sdp_add
 .text.sdp_disable
                0x00000000001106fc       0x8c drivers/usb/gadget/f_sdp.o
 .text.sdp_unbind
                0x0000000000110788       0x28 drivers/usb/gadget/f_sdp.o
 .text.sdp_bind
                0x00000000001107b0       0xac drivers/usb/gadget/f_sdp.o
 .text.sdp_set_alt
                0x000000000011085c      0x140 drivers/usb/gadget/f_sdp.o
 .text.sdp_init
                0x000000000011099c       0x64 drivers/usb/gadget/f_sdp.o
                0x000000000011099c                sdp_init
 .text.spl_sdp_handle
                0x0000000000110a00      0x364 drivers/usb/gadget/f_sdp.o
                0x0000000000110a00                spl_sdp_handle
 .text.ci_ep_disable
                0x0000000000110d64       0x10 drivers/usb/gadget/ci_udc.o
 .text.ci_ep_dequeue
                0x0000000000110d74       0x84 drivers/usb/gadget/ci_udc.o
 .text.ci_udc_gadget_start
                0x0000000000110df8       0x34 drivers/usb/gadget/ci_udc.o
 .text.ci_ep_free_request
                0x0000000000110e2c       0x60 drivers/usb/gadget/ci_udc.o
 .text.ci_udc_gadget_stop
                0x0000000000110e8c       0x44 drivers/usb/gadget/ci_udc.o
 .text.ci_flush_qh
                0x0000000000110ed0       0x1c drivers/usb/gadget/ci_udc.o
 .text.ci_flush_qtd
                0x0000000000110eec       0x1c drivers/usb/gadget/ci_udc.o
 .text.ci_ep_alloc_request
                0x0000000000110f08       0x6c drivers/usb/gadget/ci_udc.o
 .text.ci_udc_probe
                0x0000000000110f74      0x1fc drivers/usb/gadget/ci_udc.o
 .text.ci_udc_otg_ofdata_to_platdata
                0x0000000000111170       0x7c drivers/usb/gadget/ci_udc.o
 .text.ci_udc_otg_probe
                0x00000000001111ec      0x49c drivers/usb/gadget/ci_udc.o
 .text.ci_udc_otg_remove
                0x0000000000111688       0xd4 drivers/usb/gadget/ci_udc.o
 .text.ci_ep_submit_next_request
                0x000000000011175c      0x1cc drivers/usb/gadget/ci_udc.o
 .text.ci_ep_queue
                0x0000000000111928      0x12c drivers/usb/gadget/ci_udc.o
 .text.ep_enable
                0x0000000000111a54       0x74 drivers/usb/gadget/ci_udc.o
 .text.ci_ep_enable
                0x0000000000111ac8       0x74 drivers/usb/gadget/ci_udc.o
 .text.stop_activity
                0x0000000000111b3c       0xc0 drivers/usb/gadget/ci_udc.o
 .text.ci_init_after_reset
                0x0000000000111bfc        0x4 drivers/usb/gadget/ci_udc.o
                0x0000000000111bfc                ci_init_after_reset
 .text.udc_irq  0x0000000000111c00      0x4d4 drivers/usb/gadget/ci_udc.o
                0x0000000000111c00                udc_irq
 .text.ci_udc_handle_interrupts
                0x00000000001120d4       0x38 drivers/usb/gadget/ci_udc.o
                0x00000000001120d4                ci_udc_handle_interrupts
 .text.ci_udc_gadget_handle_interrupts
                0x000000000011210c        0x4 drivers/usb/gadget/ci_udc.o
 .text.udc_disconnect
                0x0000000000112110       0x60 drivers/usb/gadget/ci_udc.o
                0x0000000000112110                udc_disconnect
 .text.ci_pullup
                0x0000000000112170       0x90 drivers/usb/gadget/ci_udc.o
 .text.udc_irq_reset
                0x0000000000112200       0x30 drivers/usb/gadget/ci_udc.o
                0x0000000000112200                udc_irq_reset
 .text.ci_udc_check_bus_active
                0x0000000000112230      0x2a4 drivers/usb/gadget/ci_udc.o
                0x0000000000112230                ci_udc_check_bus_active
 .text.usb_get_dr_mode
                0x00000000001124d4       0x70 drivers/usb/common/common.o
                0x00000000001124d4                usb_get_dr_mode
 .text.usb_gadget_remove_driver
                0x0000000000112544       0x68 drivers/usb/gadget/udc/udc-core.o
 .text.usb_udc_release
                0x00000000001125ac        0x8 drivers/usb/gadget/udc/udc-core.o
 .text.usb_gadget_map_request
                0x00000000001125b4       0x5c drivers/usb/gadget/udc/udc-core.o
                0x00000000001125b4                usb_gadget_map_request
 .text.usb_gadget_unmap_request
                0x0000000000112610       0x28 drivers/usb/gadget/udc/udc-core.o
                0x0000000000112610                usb_gadget_unmap_request
 .text.usb_gadget_giveback_request
                0x0000000000112638        0xc drivers/usb/gadget/udc/udc-core.o
                0x0000000000112638                usb_gadget_giveback_request
 .text.usb_gadget_set_state
                0x0000000000112644        0x8 drivers/usb/gadget/udc/udc-core.o
                0x0000000000112644                usb_gadget_set_state
 .text.usb_add_gadget_udc_release
                0x000000000011264c       0x74 drivers/usb/gadget/udc/udc-core.o
                0x000000000011264c                usb_add_gadget_udc_release
 .text.usb_add_gadget_udc
                0x00000000001126c0        0x8 drivers/usb/gadget/udc/udc-core.o
                0x00000000001126c0                usb_add_gadget_udc
 .text.usb_del_gadget_udc
                0x00000000001126c8       0x64 drivers/usb/gadget/udc/udc-core.o
                0x00000000001126c8                usb_del_gadget_udc
 .text.usb_gadget_probe_driver
                0x000000000011272c      0x12c drivers/usb/gadget/udc/udc-core.o
                0x000000000011272c                usb_gadget_probe_driver
 .text.usb_gadget_register_driver
                0x0000000000112858        0x4 drivers/usb/gadget/udc/udc-core.o
                0x0000000000112858                usb_gadget_register_driver
 .text.usb_gadget_initialize
                0x000000000011285c       0xa4 drivers/usb/gadget/udc/udc-uclass.o
                0x000000000011285c                usb_gadget_initialize
 .text.usb_gadget_release
                0x0000000000112900        0x8 drivers/usb/gadget/udc/udc-uclass.o
                0x0000000000112900                usb_gadget_release
 .text.usb_gadget_handle_interrupts
                0x0000000000112908       0x50 drivers/usb/gadget/udc/udc-uclass.o
                0x0000000000112908                usb_gadget_handle_interrupts
 .text.blk_post_probe
                0x0000000000112958       0x1c drivers/block/blk-uclass.o
 .text.blk_select_hwpart
                0x0000000000112974       0x2c drivers/block/blk-uclass.o
                0x0000000000112974                blk_select_hwpart
 .text.blk_dselect_hwpart
                0x00000000001129a0        0x8 drivers/block/blk-uclass.o
                0x00000000001129a0                blk_dselect_hwpart
 .text.blk_find_device
                0x00000000001129a8       0xa0 drivers/block/blk-uclass.o
                0x00000000001129a8                blk_find_device
 .text.blk_dread
                0x0000000000112a48       0x24 drivers/block/blk-uclass.o
                0x0000000000112a48                blk_dread
 .text.blk_find_max_devnum
                0x0000000000112a6c       0x90 drivers/block/blk-uclass.o
                0x0000000000112a6c                blk_find_max_devnum
 .text.blk_next_free_devnum
                0x0000000000112afc       0x2c drivers/block/blk-uclass.o
                0x0000000000112afc                blk_next_free_devnum
 .text.blk_create_device
                0x0000000000112b28      0x1a8 drivers/block/blk-uclass.o
                0x0000000000112b28                blk_create_device
 .text.blk_create_devicef
                0x0000000000112cd0       0xc4 drivers/block/blk-uclass.o
                0x0000000000112cd0                blk_create_devicef
 .text.cdns3_init
                0x0000000000112d94      0x3e0 drivers/usb/cdns3/core.o
                0x0000000000112d94                cdns3_init
 .text.cdns3_exit
                0x0000000000113174       0x60 drivers/usb/cdns3/core.o
                0x0000000000113174                cdns3_exit
 .text.cdns_ep_stall_flush
                0x00000000001131d4       0x30 drivers/usb/cdns3/gadget.o
 .text.cdns_get_setup_ret
                0x0000000000113204       0x38 drivers/usb/cdns3/gadget.o
 .text.usb_ss_gadget_ep0_enable
                0x000000000011323c        0x8 drivers/usb/cdns3/gadget.o
 .text.usb_ss_gadget_ep0_disable
                0x0000000000113244        0x8 drivers/usb/cdns3/gadget.o
 .text.usb_ss_gadget_ep0_set_halt
                0x000000000011324c        0x8 drivers/usb/cdns3/gadget.o
 .text.usb_ss_gadget_get_frame
                0x0000000000113254       0x10 drivers/usb/cdns3/gadget.o
 .text.usb_ss_gadget_wakeup
                0x0000000000113264        0x8 drivers/usb/cdns3/gadget.o
 .text.cdns3_gadget_set_speed
                0x000000000011326c        0x8 drivers/usb/cdns3/gadget.o
 .text.usb_ss_gadget_ep_free_request
                0x0000000000113274        0x8 drivers/usb/cdns3/gadget.o
 .text.select_ep
                0x000000000011327c       0x24 drivers/usb/cdns3/gadget.o
 .text.cdns_ep_config
                0x00000000001132a0      0x12c drivers/usb/cdns3/gadget.o
 .text.usb_ss_gadget_udc_stop
                0x00000000001133cc       0xfc drivers/usb/cdns3/gadget.o
 .text.usb_ss_gadget_ep_set_halt
                0x00000000001134c8       0xa4 drivers/usb/cdns3/gadget.o
 .text.usb_ss_gadget_ep_set_wedge
                0x000000000011356c       0x30 drivers/usb/cdns3/gadget.o
 .text.cdns_ep0_run_transfer
                0x000000000011359c       0xb4 drivers/usb/cdns3/gadget.o
 .text.cdns_prepare_setup_packet
                0x0000000000113650       0x14 drivers/usb/cdns3/gadget.o
 .text.cdns_ep0_config
                0x0000000000113664       0xfc drivers/usb/cdns3/gadget.o
 .text.__cdns3_gadget_start
                0x0000000000113760       0x9c drivers/usb/cdns3/gadget.o
 .text.cdns3_gadget_start
                0x00000000001137fc       0x44 drivers/usb/cdns3/gadget.o
 .text.usb_ss_gadget_ep_dequeue
                0x0000000000113840       0xac drivers/usb/cdns3/gadget.o
 .text.usb_ss_gadget_ep_alloc_request
                0x00000000001138ec        0xc drivers/usb/cdns3/gadget.o
 .text.usb_ss_gadget_ep_conf
                0x00000000001138f8       0x6c drivers/usb/cdns3/gadget.o
 .text.usb_ss_gadget_ep_enable
                0x0000000000113964      0x154 drivers/usb/cdns3/gadget.o
 .text.usb_ss_gadget_udc_start
                0x0000000000113ab8       0x78 drivers/usb/cdns3/gadget.o
 .text.cdns3_disable_reset_ep.part.0
                0x0000000000113b30      0x1c0 drivers/usb/cdns3/gadget.o
 .text.usb_ss_gadget_pullup
                0x0000000000113cf0       0x9c drivers/usb/cdns3/gadget.o
 .text.cdns3_gadget_stop
                0x0000000000113d8c       0x7c drivers/usb/cdns3/gadget.o
 .text.usb_ss_gadget_set_selfpowered
                0x0000000000113e08        0x8 drivers/usb/cdns3/gadget.o
 .text.cdns_ep_run_transfer.isra.0
                0x0000000000113e10       0xd0 drivers/usb/cdns3/gadget.o
 .text.usb_ss_gadget_ep_queue
                0x0000000000113ee0       0x8c drivers/usb/cdns3/gadget.o
 .text.usb_ss_gadget_ep0_queue
                0x0000000000113f6c      0x168 drivers/usb/cdns3/gadget.o
 .text.cdns_req_ep0_handle_feature
                0x00000000001140d4      0x2c0 drivers/usb/cdns3/gadget.o
 .text.cdns_check_ep0_interrupt_proceed
                0x0000000000114394      0x5f0 drivers/usb/cdns3/gadget.o
 .text.cdns_irq_handler_thread
                0x0000000000114984      0x3dc drivers/usb/cdns3/gadget.o
 .text.usb_ss_gadget_ep_disable
                0x0000000000114d60       0xd8 drivers/usb/cdns3/gadget.o
 .text.cdns3_gadget_remove
                0x0000000000114e38       0x44 drivers/usb/cdns3/gadget.o
                0x0000000000114e38                cdns3_gadget_remove
 .text.cdns3_gadget_init
                0x0000000000114e7c      0x374 drivers/usb/cdns3/gadget.o
                0x0000000000114e7c                cdns3_gadget_init
 .text.cdns3_generic_handle_interrupts
                0x00000000001151f0       0x38 drivers/usb/cdns3/cdns3-generic.o
 .text.cdns3_generic_peripheral_ofdata_to_platdata
                0x0000000000115228       0x8c drivers/usb/cdns3/cdns3-generic.o
 .text.cdns3_generic_peripheral_remove
                0x00000000001152b4       0x34 drivers/usb/cdns3/cdns3-generic.o
 .text.cdns3_generic_peripheral_probe
                0x00000000001152e8       0xb4 drivers/usb/cdns3/cdns3-generic.o
 .text.ehci_mx6_phy_init
                0x000000000011539c      0x1e4 drivers/usb/imx/usb-mx6-common.o
                0x000000000011539c                ehci_mx6_phy_init

.iplt           0x0000000000115580        0x0
 .iplt          0x0000000000115580        0x0 arch/arm/cpu/armv8/start.o

.rodata         0x0000000000115580     0x3a7b
                0x0000000000115580                . = ALIGN (0x8)
 *(SORT_BY_ALIGNMENT(SORT_BY_NAME(.rodata*)))
 .rodata.caam_jr_match
                0x0000000000115580       0x20 drivers/crypto/fsl/jr.o
 .rodata.caam_jr_ops
                0x00000000001155a0       0x28 drivers/crypto/fsl/jr.o
 .rodata.cdns3_generic_peripheral_ids
                0x00000000001155c8       0x20 drivers/usb/cdns3/cdns3-generic.o
 .rodata.cdns3_usb_phy_ids
                0x00000000001155e8       0x20 drivers/phy/cdns3-usb-phy.o
 .rodata.ci_ep_init
                0x0000000000115608      0x168 drivers/usb/gadget/ci_udc.o
 .rodata.ci_udc_otg_ids
                0x0000000000115770       0x20 drivers/usb/gadget/ci_udc.o
 .rodata.clk_fixed_factor_match
                0x0000000000115790       0x20 drivers/clk/clk_fixed_factor.o
 .rodata.clk_fixed_factor_ops
                0x00000000001157b0       0x48 drivers/clk/clk_fixed_factor.o
                0x00000000001157b0                clk_fixed_factor_ops
 .rodata.clk_fixed_rate_match
                0x00000000001157f8       0x20 drivers/clk/clk_fixed_rate.o
 .rodata.clk_fixed_rate_ops
                0x0000000000115818       0x48 drivers/clk/clk_fixed_rate.o
                0x0000000000115818                clk_fixed_rate_ops
 .rodata.clk_fixed_rate_raw_ops
                0x0000000000115860       0x48 drivers/clk/clk_fixed_rate.o
                0x0000000000115860                clk_fixed_rate_raw_ops
 .rodata.desc_error_list
                0x00000000001158a8      0x340 drivers/crypto/fsl/error.o
 .rodata.fixed_regulator_ids
                0x0000000000115be8       0x20 drivers/power/regulator/fixed.o
 .rodata.fixed_regulator_ops
                0x0000000000115c08       0x60 drivers/power/regulator/fixed.o
 .rodata.fsl_esdhc_ids
                0x0000000000115c68       0xf0 drivers/mmc/fsl_esdhc_imx.o
 .rodata.fsl_esdhc_ops
                0x0000000000115d58       0x50 drivers/mmc/fsl_esdhc_imx.o
 .rodata.generic_simple_bus_ids
                0x0000000000115da8       0x30 drivers/core/simple-bus.o
 .rodata.gpio_mxc_ops
                0x0000000000115dd8       0x50 drivers/gpio/mxc_gpio.o
 .rodata.imx8_clk_ids
                0x0000000000115e28       0x30 drivers/clk/imx/clk-imx8.o
 .rodata.imx8_pinctrl_match
                0x0000000000115e58       0x30 drivers/pinctrl/nxp/pinctrl-imx8.o
 .rodata.imx8_power_domain_ids
                0x0000000000115e88       0x20 drivers/power/domain/imx8-power-domain-legacy.o
 .rodata.imx8_power_domain_ids
                0x0000000000115ea8       0x30 drivers/power/domain/imx8-power-domain.o
 .rodata.imx8_scu_ids
                0x0000000000115ed8       0x30 drivers/misc/imx8/scu.o
 .rodata.imx_pinctrl_ops
                0x0000000000115f08       0xa8 drivers/pinctrl/nxp/pinctrl-imx.o
                0x0000000000115f08                imx_pinctrl_ops
 .rodata.lpuart_serial_ids
                0x0000000000115fb0       0x70 drivers/serial/serial_lpuart.o
 .rodata.lpuart_serial_ops
                0x0000000000116020       0x48 drivers/serial/serial_lpuart.o
 .rodata.mmc_blk_ops
                0x0000000000116068       0x20 drivers/mmc/mmc-uclass.o
 .rodata.mxc_gpio_ids
                0x0000000000116088       0x20 drivers/gpio/mxc_gpio.o
 .rodata.status_src.0
                0x00000000001160a8       0x80 drivers/crypto/fsl/error.o
 .rodata.usb_dr_modes
                0x0000000000116128       0x20 drivers/usb/common/common.o
 .rodata.usb_ss_gadget_ep0_ops
                0x0000000000116148       0x50 drivers/usb/cdns3/gadget.o
 .rodata.usb_ss_gadget_ep_ops
                0x0000000000116198       0x50 drivers/usb/cdns3/gadget.o
 .rodata.usb_ss_gadget_ops
                0x00000000001161e8       0x68 drivers/usb/cdns3/gadget.o
 .rodata        0x0000000000116250       0x14 common/spl/spl.o
 .rodata._vprintf
                0x0000000000116264        0x9 lib/tiny-printf.o
 *fill*         0x000000000011626d        0x3 
 .rodata.cdns_check_ep0_interrupt_proceed
                0x0000000000116270       0x14 drivers/usb/cdns3/gadget.o
 .rodata.cdns_ep0_config
                0x0000000000116284        0x7 drivers/usb/cdns3/gadget.o
 *fill*         0x000000000011628b        0x1 
 .rodata.cdns_ep_config
                0x000000000011628c        0x6 drivers/usb/cdns3/gadget.o
 *fill*         0x0000000000116292        0x2 
 .rodata.cdns_irq_handler_thread
                0x0000000000116294       0x26 drivers/usb/cdns3/gadget.o
 *fill*         0x00000000001162ba        0x2 
 .rodata.cdns_req_ep0_handle_feature
                0x00000000001162bc        0x4 drivers/usb/cdns3/gadget.o
 .rodata.composite_setup
                0x00000000001162c0       0x2a drivers/usb/gadget/g_dnl.o
 *fill*         0x00000000001162ea        0x2 
 .rodata.ext_csd_bus_width
                0x00000000001162ec       0x3c drivers/mmc/mmc.o
 .rodata.fbase  0x0000000000116328       0x10 drivers/mmc/mmc.o
 .rodata.fdt_next_tag
                0x0000000000116338        0x9 lib/libfdt/fdt.o
 *fill*         0x0000000000116341        0x3 
 .rodata.freqs.2
                0x0000000000116344       0x34 drivers/mmc/mmc.o
 .rodata.get_boot_device
                0x0000000000116378       0x12 arch/arm/mach-imx/imx8/cpu.o
 *fill*         0x000000000011638a        0x2 
 .rodata.mmc_init
                0x000000000011638c        0x8 drivers/mmc/mmc.o
 .rodata.mmc_modes_by_pref
                0x0000000000116394       0x20 drivers/mmc/mmc.o
 .rodata.mmc_set_capacity
                0x00000000001163b4        0x8 drivers/mmc/mmc.o
 .rodata.mmc_versions.1
                0x00000000001163bc       0x24 drivers/mmc/mmc.o
 .rodata.sd_modes_by_pref
                0x00000000001163e0       0x10 drivers/mmc/mmc.o
 .rodata.spl_sdp_handle
                0x00000000001163f0        0x7 drivers/usb/gadget/f_sdp.o
 *fill*         0x00000000001163f7        0x1 
 .rodata.caam_eras.0
                0x00000000001163f8       0x34 drivers/crypto/fsl/sec.o
 .rodata.CSWTCH.11
                0x000000000011642c        0xd arch/arm/mach-imx/spl.o
 .rodata.CSWTCH.9
                0x0000000000116439        0xb drivers/misc/imx8/scu.o
 .rodata.__assert_fail.str1.1
                0x0000000000116444       0x22 lib/panic.o
 .rodata.__func__.0
                0x0000000000116466       0x10 arch/arm/mach-imx/parse-container.o
 .rodata.__func__.0
                0x0000000000116476       0x14 drivers/clk/imx/clk-imx8.o
 .rodata.__func__.0
                0x000000000011648a       0x12 drivers/misc/imx8/scu.o
 .rodata.__func__.0
                0x000000000011649c       0x14 drivers/pinctrl/nxp/pinctrl-scu.o
 .rodata.__func__.0
                0x00000000001164b0       0x19 drivers/power/domain/power-domain-uclass.o
 .rodata.__func__.0
                0x00000000001164c9       0x18 drivers/power/domain/imx8-power-domain.o
 .rodata.__func__.0
                0x00000000001164e1        0xf drivers/usb/gadget/g_dnl.o
 .rodata.__func__.0
                0x00000000001164f0        0xc drivers/usb/gadget/ci_udc.o
 .rodata.__func__.0
                0x00000000001164fc        0xb drivers/usb/cdns3/core.o
 .rodata.__func__.1
                0x0000000000116507       0x12 drivers/clk/imx/clk-imx8.o
 .rodata.__func__.1
                0x0000000000116519        0xf drivers/misc/imx8/scu.o
 .rodata.__func__.1
                0x0000000000116528       0x1a drivers/power/domain/imx8-power-domain.o
 .rodata.__func__.1
                0x0000000000116542       0x11 drivers/usb/gadget/g_dnl.o
 .rodata.__func__.14
                0x0000000000116553       0x13 drivers/misc/imx8/scu_api.o
 .rodata.__func__.2
                0x0000000000116566       0x14 drivers/clk/imx/clk-imx8.o
 .rodata.__func__.2
                0x000000000011657a       0x17 drivers/power/domain/imx8-power-domain.o
 .rodata.__func__.21
                0x0000000000116591       0x18 drivers/misc/imx8/scu_api.o
 .rodata.__func__.28
                0x00000000001165a9       0x15 drivers/misc/imx8/scu_api.o
 .rodata.__func__.3
                0x00000000001165be       0x12 drivers/clk/imx/clk-imx8.o
 .rodata.__func__.3
                0x00000000001165d0       0x15 drivers/power/domain/imx8-power-domain.o
 .rodata.__func__.30
                0x00000000001165e5       0x14 drivers/misc/imx8/scu_api.o
 .rodata.__func__.31
                0x00000000001165f9       0x14 drivers/misc/imx8/scu_api.o
 .rodata.__func__.33
                0x000000000011660d        0xb drivers/misc/imx8/scu_api.o
 .rodata.__func__.36
                0x0000000000116618       0x1e drivers/misc/imx8/scu_api.o
 .rodata.__func__.37
                0x0000000000116636       0x17 drivers/misc/imx8/scu_api.o
 .rodata.__func__.38
                0x000000000011664d       0x13 drivers/misc/imx8/scu_api.o
 .rodata.__func__.39
                0x0000000000116660       0x15 drivers/misc/imx8/scu_api.o
 .rodata.__func__.4
                0x0000000000116675        0xf drivers/clk/imx/clk-imx8.o
 .rodata.__func__.4
                0x0000000000116684       0x16 drivers/power/domain/imx8-power-domain.o
 .rodata.__func__.40
                0x000000000011669a       0x15 drivers/misc/imx8/scu_api.o
 .rodata.__imx8_clk_get_rate.str1.1
                0x00000000001166af        0xb drivers/clk/imx/clk-imx8.o
 .rodata._ctype
                0x00000000001166ba      0x100 lib/ctype.o
                0x00000000001166ba                _ctype
 .rodata._gpio_request_by_name_nodev.str1.1
                0x00000000001167ba        0xc drivers/gpio/gpio-uclass.o
 .rodata.alloc_simple.str1.1
                0x00000000001167c6       0x17 common/malloc_simple.o
 .rodata.blk_create_devicef.str1.1
                0x00000000001167dd        0x6 drivers/block/blk-uclass.o
 .rodata.board_init_r.str1.1
                0x00000000001167dd       0x62 common/spl/spl.o
 .rodata.board_quiesce_devices.str1.1
                0x000000000011683f       0x23 board/freescale/imx8qxp_mek/imx8qxp_mek.o
 .rodata.board_usb_gadget_port_auto.str1.1
                0x0000000000116862       0x95 arch/arm/mach-imx/imx8/cpu.o
 .rodata.board_usb_init.str1.1
                0x00000000001168f7       0x13 board/freescale/imx8qxp_mek/imx8qxp_mek.o
 .rodata.caam_jr_probe.str1.1
                0x000000000011690a       0x2e drivers/crypto/fsl/jr.o
                                         0x32 (size before relaxing)
 .rodata.cdns3_disable_reset_ep.part.0.str1.1
                0x0000000000116938       0x6f drivers/usb/cdns3/gadget.o
 .rodata.cdns3_gadget_init.str1.1
                0x00000000001169a7       0xe9 drivers/usb/cdns3/gadget.o
                                        0x108 (size before relaxing)
 .rodata.cdns3_generic_peripheral_ofdata_to_platdata.str1.1