common/board_r.c:82:12:cpu_secondary_init_r	0	static
common/board_r.c:87:12:initr_trace	0	static
common/board_r.c:96:12:initr_reloc	0	static
common/board_r.c:122:12:initr_reloc_global_data	0	static
common/board_r.c:620:12:run_main_loop	16	static
common/board_r.c:595:12:initr_check_fastboot	16	static
common/board_r.c:505:12:initr_net	16	static
common/board_r.c:589:12:initr_fastboot_setup	16	static
common/board_r.c:470:12:initr_ethaddr	16	static
common/board_r.c:437:12:initr_env	32	static
common/board_r.c:398:12:initr_mmc	16	static
common/board_r.c:557:12:dm_announce	32	static
common/board_r.c:231:12:initr_dm	0	static
common/board_r.c:195:12:initr_malloc	16	static
common/board_r.c:109:12:initr_caches	16	static
common/board_r.c:173:12:arch_initr_trap	0	static
common/board_r.c:186:12:initr_barrier	0	static
common/board_r.c:214:12:initr_of_live	0	static
common/board_r.c:251:12:initr_dm_devices	0	static
common/board_r.c:275:12:initr_bootstage	0	static
common/board_r.c:282:12:power_init_board	0	static
common/board_r.c:287:12:initr_announce	0	static
common/board_r.c:302:12:initr_binman	0	static
include/mux.h:120:14:mux_control_states	0	static
include/mux.h:125:18:mux_control_select	0	static
include/mux.h:133:5:mux_control_deselect	0	static
include/mux.h:138:21:mux_control_get	0	static
include/mux.h:143:6:mux_control_put	0	static
include/mux.h:147:21:devm_mux_control_get	0	static
include/mux.h:153:5:dm_mux_init	0	static
common/board_r.c:72:12:board_flash_wp_on	0	static
common/board_r.c:117:12:fixup_cpu	0	static
common/board_r.c:855:6:board_init_r	48	static
