common/console.c:295:12:console_tstc	80	static
common/console.c:317:13:console_putc	64	static
common/console.c:355:13:console_puts	64	static
common/console.c:27:12:on_console	48	static
common/console.c:336:13:console_puts_select	80	static
common/console.c:259:13:console_needs_start_stop	64	static
common/console.c:457:5:serial_printf	2240	static
common/console.c:690:6:puts	0	static
common/console.c:649:6:putc	0	static
common/console.c:572:5:tstc	0	static
common/console.c:475:5:fgetc.part.0	48	static
common/console.c:549:5:getchar	0	static
common/console.c:349:6:console_puts_select_stderr	0	static
common/console.c:429:5:console_start	32	static
common/console.c:446:6:console_stop	32	static
common/console.c:475:5:fgetc	0	static
common/console.c:508:5:ftstc	0	static
common/console.c:516:6:fputc	0	static
common/console.c:522:6:fputs	0	static
common/console.c:528:5:fprintf	2224	static
common/console.c:790:5:ctrlc	16	static
common/console.c:809:5:confirm_yesno	64	static
common/console.c:836:5:disable_ctrlc	0	static
common/console.c:844:5:had_ctrlc	0	static
common/console.c:849:6:clear_ctrlc	0	static
common/console.c:856:19:console_search_dev	32	static
common/console.c:872:5:console_assign	32	static
common/console.c:910:5:console_announce_r	224	static
common/console.c:924:5:console_init_f	0	static
common/console.c:935:6:stdio_print_current_devices	32	static
common/console.c:962:5:console_init_r	64	static
