drivers/misc/imx8/scu_api.c:22:5:sc_pm_set_clock_rate	80	static
drivers/misc/imx8/scu_api.c:48:5:sc_pm_get_clock_rate	80	static
drivers/misc/imx8/scu_api.c:76:5:sc_pm_clock_enable	96	static
drivers/misc/imx8/scu_api.c:101:5:sc_pm_set_clock_parent	80	static
drivers/misc/imx8/scu_api.c:125:5:sc_pm_set_resource_power_mode	80	static
drivers/misc/imx8/scu_api.c:151:11:sc_pm_is_partition_started	96	static
drivers/misc/imx8/scu_api.c:178:5:sc_pm_resource_reset	64	static
drivers/misc/imx8/scu_api.c:201:5:sc_pad_set	80	static
drivers/misc/imx8/scu_api.c:226:5:sc_pad_get	80	static
drivers/misc/imx8/scu_api.c:255:5:sc_misc_set_control	80	static
drivers/misc/imx8/scu_api.c:282:5:sc_misc_get_control	80	static
drivers/misc/imx8/scu_api.c:311:5:sc_rm_set_master_sid	80	static
drivers/misc/imx8/scu_api.c:333:6:sc_misc_get_boot_dev	64	static
drivers/misc/imx8/scu_api.c:356:6:sc_misc_boot_status	64	static
drivers/misc/imx8/scu_api.c:378:5:sc_misc_get_boot_container	64	static
drivers/misc/imx8/scu_api.c:403:6:sc_misc_build_info	64	static
drivers/misc/imx8/scu_api.c:430:5:sc_misc_otp_fuse_read	64	static
drivers/misc/imx8/scu_api.c:456:5:sc_misc_get_temp	64	static
drivers/misc/imx8/scu_api.c:484:6:sc_misc_get_button_status	64	static
drivers/misc/imx8/scu_api.c:503:11:sc_rm_is_memreg_owned	96	static
drivers/misc/imx8/scu_api.c:533:5:sc_rm_find_memreg	80	static
drivers/misc/imx8/scu_api.c:563:5:sc_rm_set_memreg_permissions	80	static
drivers/misc/imx8/scu_api.c:591:5:sc_rm_get_memreg_info	80	static
drivers/misc/imx8/scu_api.c:623:11:sc_rm_is_resource_owned	80	static
drivers/misc/imx8/scu_api.c:653:5:sc_rm_partition_alloc	112	static
drivers/misc/imx8/scu_api.c:685:5:sc_rm_partition_free	64	static
drivers/misc/imx8/scu_api.c:707:5:sc_rm_get_partition	64	static
drivers/misc/imx8/scu_api.c:729:5:sc_rm_set_parent	80	static
drivers/misc/imx8/scu_api.c:752:5:sc_rm_assign_resource	80	static
drivers/misc/imx8/scu_api.c:775:5:sc_rm_assign_pad	80	static
drivers/misc/imx8/scu_api.c:798:11:sc_rm_is_pad_owned	96	static
drivers/misc/imx8/scu_api.c:825:5:sc_rm_get_resource_owner	64	static
drivers/misc/imx8/scu_api.c:846:5:sc_pm_cpu_start	80	static
drivers/misc/imx8/scu_api.c:872:6:sc_pm_reboot	48	static
drivers/misc/imx8/scu_api.c:887:5:sc_pm_get_resource_power_mode	80	static
drivers/misc/imx8/scu_api.c:913:5:sc_timer_set_wdog_window	64	static
drivers/misc/imx8/scu_api.c:935:5:sc_seco_authenticate	64	static
drivers/misc/imx8/scu_api.c:958:5:sc_seco_forward_lifecycle	64	static
drivers/misc/imx8/scu_api.c:980:5:sc_seco_chip_info	96	static
drivers/misc/imx8/scu_api.c:1012:6:sc_seco_build_info	64	static
drivers/misc/imx8/scu_api.c:1032:5:sc_seco_v2x_build_info	80	static
drivers/misc/imx8/scu_api.c:1057:5:sc_seco_get_event	80	static
drivers/misc/imx8/scu_api.c:1080:5:sc_seco_gen_key_blob	80	static
drivers/misc/imx8/scu_api.c:1108:5:sc_seco_get_mp_key	64	static
drivers/misc/imx8/scu_api.c:1133:5:sc_seco_update_mpmr	80	static
drivers/misc/imx8/scu_api.c:1158:5:sc_seco_get_mp_sign	96	static
drivers/misc/imx8/scu_api.c:1188:5:sc_seco_secvio_config	112	static
drivers/misc/imx8/scu_api.c:1225:5:sc_seco_secvio_dgo_config	80	static
