drivers/mtd/spi/spi-nor-core.c:529:12:write_enable	0	static
drivers/mtd/spi/spi-nor-core.c:537:12:write_disable	0	static
drivers/mtd/spi/spi-nor-core.c:1063:13:stm_get_locked_range	0	static
drivers/mtd/spi/spi-nor-core.c:1374:12:spi_nor_read	64	static
drivers/mtd/spi/spi-nor-core.c:2768:12:spi_nor_hwcaps2cmd	0	static
drivers/mtd/spi/spi-nor-core.c:2829:12:spi_nor_check_op	32	static
drivers/mtd/spi/spi-nor-core.c:242:13:spi_nor_setup_op	0	static
drivers/mtd/spi/spi-nor-core.c:413:12:read_sr	80	static
drivers/mtd/spi/spi-nor-core.c:381:16:spi_nor_write_data	96	static
drivers/mtd/spi/spi-nor-core.c:345:16:spi_nor_read_data	112	static
drivers/mtd/spi/spi-nor-core.c:3090:12:spi_nor_default_setup	160	static
drivers/mtd/spi/spi-nor-core.c:1108:12:stm_is_locked_sr	32	static
drivers/mtd/spi/spi-nor-core.c:1317:12:stm_is_locked	48	static
drivers/mtd/spi/spi-nor-core.c:1114:12:stm_is_unlocked_sr	32	static
drivers/mtd/spi/spi-nor-core.c:288:12:spi_nor_read_reg	80	static
drivers/mtd/spi/spi-nor-core.c:305:12:spi_nor_write_reg	80	static
drivers/mtd/spi/spi-nor-core.c:796:12:spi_nor_wait_till_ready	144	static
drivers/mtd/spi/spi-nor-core.c:1696:12:spi_nor_write	80	static
drivers/mtd/spi/spi-nor-core.c:908:12:spi_nor_erase	128	static
drivers/mtd/spi/spi-nor-core.c:1043:12:write_sr_and_check.constprop	32	static
drivers/mtd/spi/spi-nor-core.c:1152:12:stm_lock	48	static
drivers/mtd/spi/spi-nor-core.c:1232:12:stm_unlock	48	static
drivers/mtd/spi/spi-nor-core.c:3683:5:spi_nor_remove	0	static
drivers/mtd/spi/spi-nor-core.c:3694:6:spi_nor_set_fixups	0	static
drivers/mtd/spi/spi-nor-core.c:3725:5:spi_nor_scan	528	static
drivers/mtd/spi/spi-nor-core.c:3915:5:spi_flash_cmd_get_sw_write_prot	16	static
