drivers/serial/serial-uclass.c:188:13:_serial_putc	48	static
drivers/serial/serial-uclass.c:216:12:__serial_getc	32	static
drivers/serial/serial-uclass.c:230:12:__serial_tstc	0	static
drivers/serial/serial-uclass.c:366:13:serial_stub_putc	0	static
drivers/serial/serial-uclass.c:376:12:serial_stub_getc	0	static
drivers/serial/serial-uclass.c:381:12:serial_stub_tstc	0	static
drivers/serial/serial-uclass.c:511:12:serial_pre_remove	16	static
drivers/serial/serial-uclass.c:450:12:serial_post_probe	160	static
drivers/serial/serial-uclass.c:201:13:_serial_puts	48	static
drivers/serial/serial-uclass.c:371:13:serial_stub_puts	0	static
drivers/serial/serial-uclass.c:281:6:serial_putc	0	static
drivers/serial/serial-uclass.c:287:6:serial_puts	0	static
drivers/serial/serial-uclass.c:293:5:serial_getc	0	static
drivers/serial/serial-uclass.c:301:5:serial_tstc	0	static
drivers/serial/serial-uclass.c:309:6:serial_setbrg	0	static
drivers/serial/serial-uclass.c:162:5:serial_init	64	static
drivers/serial/serial-uclass.c:174:5:serial_initialize	0	static
drivers/serial/serial-uclass.c:393:12:on_baudrate	48	static
drivers/serial/serial-uclass.c:321:5:serial_getconfig	0	static
drivers/serial/serial-uclass.c:332:5:serial_setconfig	0	static
drivers/serial/serial-uclass.c:343:5:serial_getinfo	0	static
drivers/serial/serial-uclass.c:359:6:serial_stdio_init	0	static
