drivers/net/phy/phy.c:449:5:genphy_shutdown	0	static
drivers/net/phy/phy.c:154:5:genphy_restart_aneg	32	static
drivers/net/phy/phy.c:181:5:genphy_config_aneg	48	static
drivers/net/phy/phy.c:387:5:genphy_config	32	static
drivers/net/phy/phy.c:225:5:genphy_update_link	64	static
drivers/net/phy/phy.c:294:5:genphy_parse_link	48	static
drivers/net/phy/phy.c:438:5:genphy_startup	32	static
drivers/net/phy/phy.c:573:5:phy_register	0	static
drivers/net/phy/phy.c:473:5:phy_init	16	static
drivers/net/phy/phy.c:599:5:phy_set_supported	0	static
drivers/net/phy/phy.c:721:12:get_phy_id	48	static
drivers/net/phy/phy.c:796:27:get_phy_device_by_mask	128	static
drivers/net/phy/phy.c:854:5:phy_reset	48	static
drivers/net/phy/phy.c:905:5:miiphy_reset	32	static
drivers/net/phy/phy.c:920:20:phy_find_by_mask	48	static
drivers/net/phy/phy.c:935:6:phy_connect_dev	32	static
drivers/net/phy/phy.c:1032:20:phy_connect	48	static
drivers/net/phy/phy.c:1071:5:phy_startup	0	static
drivers/net/phy/phy.c:1079:12:board_phy_config	0	static
drivers/net/phy/phy.c:1086:5:phy_config	0	static
drivers/net/phy/phy.c:1092:5:phy_shutdown	16	static
drivers/net/phy/phy.c:1100:5:phy_get_interface_by_name	48	static
