fs/fat/fat.c:31:13:downcase	0	static
fs/fat/fat.c:774:13:fat_itr_child	0	static
fs/fat/fat.c:46:12:disk_read	32	static
fs/fat/fat_write.c:190:12:disk_write	32	static
fs/fat/fat_write.c:213:12:flush_dirty_fat_buffer	48	static
fs/fat/fat.c:164:14:get_fatent	80	static
fs/fat/fat.c:249:1:get_cluster	96	dynamic
fs/fat/fat.c:490:1:read_bootsectandvi	48	static
fs/fat/fat.c:740:12:fat_itr_root	144	static
fs/fat/fat_write.c:574:1:set_sectors	96	dynamic
fs/fat/fat_write.c:1285:12:normalize_longname	64	static
fs/fat/fat_write.c:48:12:str2fat	64	static
fs/fat/fat_write.c:1203:12:split_filename.isra	64	static
fs/fat/fat_write.c:436:12:set_fatent_value.isra	80	static
fs/fat/fat_write.c:860:12:clear_fatent.isra	64	static
fs/fat/fat_write.c:543:14:determine_fatent	48	static
fs/fat/fat_write.c:650:12:flush_dir	16	static
fs/fat/fat_write.c:1483:12:delete_single_dentry	32	static
fs/fat/fat_write.c:924:1:set_contents	176	static
fs/fat/fat.c:61:5:fat_set_blk_dev	64	dynamic
fs/fat/fat.c:90:5:fat_register_device	176	static
fs/fat/fat.c:808:7:fat_next_cluster	48	static
fs/fat/fat.c:875:19:next_dent	48	static
fs/fat/fat.c:960:12:fat_itr_next	96	static
fs/fat/fat.c:1057:12:fat_itr_resolve	80	static
fs/fat/fat_write.c:1179:19:find_directory_entry	48	static
fs/fat/fat_write.c:391:1:fill_dir_slot	720	static
fs/fat/fat_write.c:76:12:fat_move_to_cluster	48	static
fs/fat/fat_write.c:103:12:set_name	144	static
fs/fat/fat_write.c:258:12:fat_find_empty_dentries	112	static
fs/fat/fat.c:1135:5:file_fat_detectfs	160	static
fs/fat/fat.c:1167:5:fat_exists	112	static
fs/fat/fat.c:1209:5:fat_size	112	static
fs/fat/fat.c:1246:5:file_fat_read_at	176	static
fs/fat/fat.c:1278:5:file_fat_read	32	static
fs/fat/fat.c:1290:5:fat_read_file	32	static
fs/fat/fat.c:1309:5:fat_opendir	64	static
fs/fat/fat.c:1337:5:fat_readdir	48	static
fs/fat/fat.c:1368:6:fat_closedir	32	static
fs/fat/fat.c:1375:6:fat_close	0	static
fs/fat/fat.c:1379:5:fat_uuid	144	static
fs/fat/fat_write.c:1307:5:file_fat_write_at	448	static
fs/fat/fat_write.c:1434:5:file_fat_write	0	static
fs/fat/fat_write.c:1561:5:fat_unlink	192	static
fs/fat/fat_write.c:1632:5:fat_mkdir	432	static
