drivers/block/blk-uclass.c:179:12:get_desc	80	static
drivers/block/blk-uclass.c:713:12:blk_post_probe	16	static
drivers/block/blk-uclass.c:72:13:blk_get_if_type_name	0	static
drivers/block/blk-uclass.c:96:18:blk_get_devnum_by_typename	80	static
drivers/block/blk-uclass.c:153:18:blk_get_by_device	32	static
drivers/block/blk-uclass.c:224:5:blk_list_part	64	static
drivers/block/blk-uclass.c:249:5:blk_print_part_devnum	48	static
drivers/block/blk-uclass.c:264:6:blk_list_devices	64	static
drivers/block/blk-uclass.c:283:5:blk_print_device_num	48	static
drivers/block/blk-uclass.c:297:5:blk_show_device	48	static
drivers/block/blk-uclass.c:347:5:blk_select_hwpart	0	static
drivers/block/blk-uclass.c:359:5:blk_dselect_hwpart	0	static
drivers/block/blk-uclass.c:364:5:blk_first_device	48	static
drivers/block/blk-uclass.c:386:5:blk_next_device	48	static
drivers/block/blk-uclass.c:405:5:blk_find_device	80	static
drivers/block/blk-uclass.c:428:5:blk_get_device	32	static
drivers/block/blk-uclass.c:77:18:blk_get_devnum_by_type	32	static
drivers/block/blk-uclass.c:212:5:blk_select_hwpart_devnum	48	static
drivers/block/blk-uclass.c:439:15:blk_dread	64	static
drivers/block/blk-uclass.c:318:7:blk_read_devnum	64	static
drivers/block/blk-uclass.c:460:15:blk_dwrite	64	static
drivers/block/blk-uclass.c:335:7:blk_write_devnum	64	static
drivers/block/blk-uclass.c:473:15:blk_derase	48	static
drivers/block/blk-uclass.c:486:5:blk_get_from_parent	48	static
drivers/block/blk-uclass.c:512:5:blk_find_max_devnum	64	static
drivers/block/blk-uclass.c:532:5:blk_next_free_devnum	16	static
drivers/block/blk-uclass.c:555:5:blk_first_device_err	48	static
drivers/block/blk-uclass.c:569:5:blk_next_device_err	48	static
drivers/block/blk-uclass.c:583:5:blk_count_devices	48	static
drivers/block/blk-uclass.c:619:5:blk_create_device	128	static
drivers/block/blk-uclass.c:652:5:blk_create_devicef	112	static
drivers/block/blk-uclass.c:675:5:blk_probe_or_unbind	32	static
drivers/block/blk-uclass.c:688:5:blk_unbind_all	64	static
