net/eth-uclass.c:47:32:eth_get_uclass_priv	32	static
net/eth-uclass.c:600:12:eth_pre_remove	32	static
net/eth-uclass.c:474:12:eth_post_bind	32	static
net/eth-uclass.c:204:12:eth_write_hwaddr.isra	32	static
net/eth-uclass.c:518:12:eth_post_probe	80	static
net/eth-uclass.c:236:12:on_ethaddr	48	static
net/eth-uclass.c:60:6:eth_set_current_to_next	32	static
net/eth-uclass.c:80:17:eth_get_dev	32	static
net/eth-uclass.c:103:6:eth_set_dev	32	static
net/eth-uclass.c:489:12:eth_pre_unbind	32	static
net/eth-uclass.c:118:17:eth_get_dev_by_name	64	static
net/eth-uclass.c:155:16:eth_get_ethaddr	16	static
net/eth-uclass.c:168:5:eth_init_state_only	16	static
net/eth-uclass.c:184:6:eth_halt_state_only	16	static
net/eth-uclass.c:197:5:eth_get_dev_index	16	static
net/eth-uclass.c:264:5:eth_init	48	static
net/eth-uclass.c:328:6:eth_halt	32	static
net/eth-uclass.c:346:5:eth_is_active	16	static
net/eth-uclass.c:357:5:eth_send	48	static
net/eth-uclass.c:381:5:eth_rx	64	static
net/eth-uclass.c:417:5:eth_initialize	80	static
