common/spl/spl.c:472:12:spl_common_init.constprop	16	static
common/spl/spl.c:112:13:spl_perform_fixups	0	static
common/spl/spl.c:116:6:spl_fixup_fdt	32	static
common/spl/spl.c:161:7:spl_get_image_text_base	0	static
common/spl/spl.c:172:13:spl_board_prepare_for_linux	0	static
common/spl/spl.c:177:13:spl_board_prepare_for_optee	0	static
common/spl/spl.c:181:20:spl_board_loader_name	0	static
common/spl/spl.c:194:13:spl_board_prepare_for_boot	0	static
common/spl/spl.c:199:29:spl_get_load_buffer	0	static
common/spl/spl.c:204:6:spl_set_header_raw_uboot	0	static
common/spl/spl.c:323:12:spl_parse_board_header	0	static
common/spl/spl.c:330:12:spl_parse_legacy_header	0	static
common/spl/spl.c:338:5:spl_parse_image_header	16	static
common/spl/spl.c:401:24:jump_to_image_no_args	16	static
common/spl/spl.c:533:6:spl_set_bd	0	static
common/spl/spl.c:543:5:spl_early_init	16	static
common/spl/spl.c:557:5:spl_init	16	static
common/spl/spl.c:579:13:board_boot_order	32	static
common/spl/spl.c:601:12:spl_check_board_image	0	static
common/spl/spl.c:695:6:board_init_r	192	static
common/spl/spl.c:849:6:preloader_console_init	16	static
common/spl/spl.c:872:13:spl_relocate_stack_check	0	static
common/spl/spl.c:908:7:spl_relocate_stack_gd	0	static
