drivers/core/device.c:810:24:_device_find_global_by_ofnode	48	static
drivers/core/device.c:301:14:alloc_priv	32	static
drivers/core/device.c:279:5:device_reparent	0	static
drivers/core/device.c:614:7:dev_get_plat	32	static
drivers/core/device.c:624:7:dev_get_parent_plat	32	static
drivers/core/device.c:634:7:dev_get_uclass_plat	32	static
drivers/core/device.c:38:12:device_bind_common.constprop	112	static
drivers/core/device.c:255:5:device_bind_by_name	48	static
drivers/core/device.c:247:5:device_bind	0	static
drivers/core/device.c:238:5:device_bind_with_driver_data	0	static
drivers/core/device.c:644:7:dev_get_priv	32	static
drivers/core/device.c:654:7:dev_get_uclass_priv	32	static
drivers/core/device.c:664:7:dev_get_parent_priv	32	static
drivers/core/device.c:393:5:device_of_to_plat	48	static
drivers/core/device.c:485:5:device_probe	48	static
drivers/core/device.c:718:5:device_get_child	32	static
drivers/core/device.c:731:5:device_get_child_count	0	static
drivers/core/device.c:742:5:device_get_decendent_count	48	static
drivers/core/device.c:753:5:device_find_child_by_seq	0	static
drivers/core/device.c:770:5:device_get_child_by_seq	48	static
drivers/core/device.c:782:5:device_find_child_by_of_offset	0	static
drivers/core/device.c:799:5:device_get_child_by_of_offset	48	static
drivers/core/device.c:827:5:device_find_global_by_ofnode	16	static
drivers/core/device.c:834:5:device_get_global_by_ofnode	32	static
drivers/core/device.c:862:5:device_find_first_child	0	static
drivers/core/device.c:874:5:device_find_next_child	0	static
drivers/core/device.c:889:5:device_find_first_inactive_child	0	static
drivers/core/device.c:907:5:device_find_first_child_by_uclass	0	static
drivers/core/device.c:924:5:device_find_child_by_namelen	64	static
drivers/core/device.c:942:5:device_find_child_by_name	48	static
drivers/core/device.c:948:5:device_first_child_err	48	static
drivers/core/device.c:959:5:device_next_child_err	48	static
drivers/core/device.c:970:5:device_first_child_ofdata_err	48	static
drivers/core/device.c:988:5:device_next_child_ofdata_err	48	static
drivers/core/device.c:1006:17:dev_get_parent	0	static
drivers/core/device.c:1011:7:dev_get_driver_data	0	static
drivers/core/device.c:1016:13:dev_get_driver_ops	0	static
drivers/core/device.c:1024:16:device_get_uclass_id	0	static
drivers/core/device.c:1029:13:dev_get_uclass_name	0	static
drivers/core/device.c:1037:6:device_has_children	0	static
drivers/core/device.c:1042:6:device_has_active_children	32	static
drivers/core/device.c:1056:6:device_is_last_sibling	0	static
drivers/core/device.c:1065:6:device_set_name_alloced	0	static
drivers/core/device.c:1070:5:device_set_name	32	static
drivers/core/device.c:1081:6:dev_set_priv	0	static
drivers/core/device.c:1086:6:dev_set_parent_priv	0	static
drivers/core/device.c:1091:6:dev_set_uclass_priv	0	static
drivers/core/device.c:1096:6:dev_set_plat	0	static
drivers/core/device.c:1101:6:dev_set_parent_plat	0	static
drivers/core/device.c:1106:6:dev_set_uclass_plat	0	static
drivers/core/device.c:1112:6:device_is_compatible	16	static
drivers/core/device.c:1117:6:of_machine_is_compatible	16	static
drivers/core/device.c:1124:5:dev_disable_by_path	16	static
drivers/core/device.c:1154:5:dev_enable_by_path	16	static
