drivers/core/regmap.c:49:23:regmap_alloc	32	static
drivers/core/regmap.c:136:5:regmap_init_mem_index	80	static
drivers/core/regmap.c:182:5:regmap_init_mem_range	64	static
drivers/core/regmap.c:209:5:regmap_init_mem	112	static
drivers/core/regmap.c:288:16:devm_regmap_init	48	static
drivers/core/regmap.c:321:7:regmap_get_range	0	static
drivers/core/regmap.c:332:5:regmap_uninit	16	static
drivers/core/regmap.c:388:5:regmap_raw_read_range	0	static
drivers/core/regmap.c:432:5:regmap_raw_read	0	static
drivers/core/regmap.c:437:5:regmap_read	32	static
drivers/core/regmap.c:527:5:regmap_raw_write_range	0	static
drivers/core/regmap.c:571:5:regmap_raw_write	0	static
drivers/core/regmap.c:577:5:regmap_write	32	static
drivers/core/regmap.c:608:5:regmap_update_bits	32	static
drivers/core/regmap.c:622:5:regmap_field_read	32	static
drivers/core/regmap.c:638:5:regmap_field_write	0	static
drivers/core/regmap.c:654:22:devm_regmap_field_alloc	48	static
drivers/core/regmap.c:668:6:devm_regmap_field_free	0	static
drivers/core/regmap.c:673:22:regmap_field_alloc	48	static
drivers/core/regmap.c:686:6:regmap_field_free	0	static
