drivers/core/uclass.c:26:16:uclass_find	0	static
drivers/core/uclass.c:111:5:uclass_destroy	48	static
drivers/core/uclass.c:145:5:uclass_get	64	static
drivers/core/uclass.c:164:13:uclass_get_name	32	static
drivers/core/uclass.c:173:7:uclass_get_priv	0	static
drivers/core/uclass.c:178:6:uclass_set_priv	0	static
drivers/core/uclass.c:183:16:uclass_get_by_name_len	48	static
drivers/core/uclass.c:197:16:uclass_get_by_name	32	static
drivers/core/uclass.c:202:5:dev_get_uclass_index	0	static
drivers/core/uclass.c:223:5:uclass_find_device	48	static
drivers/core/uclass.c:246:5:uclass_find_first_device	48	static
drivers/core/uclass.c:263:5:uclass_find_next_device	0	static
drivers/core/uclass.c:276:5:uclass_find_device_by_name	64	static
drivers/core/uclass.c:300:5:uclass_find_next_free_seq	32	static
drivers/core/uclass.c:323:5:uclass_find_device_by_seq	48	static
drivers/core/uclass.c:350:5:uclass_find_device_by_of_offset	48	static
drivers/core/uclass.c:374:5:uclass_find_device_by_ofnode	48	static
drivers/core/uclass.c:406:5:uclass_find_device_by_phandle	80	static
drivers/core/uclass.c:437:5:uclass_get_device_by_driver	64	static
drivers/core/uclass.c:457:5:uclass_get_device_tail	32	static
drivers/core/uclass.c:472:5:uclass_get_device	48	static
drivers/core/uclass.c:482:5:uclass_get_device_by_name	48	static
drivers/core/uclass.c:493:5:uclass_get_device_by_seq	48	static
drivers/core/uclass.c:504:5:uclass_get_device_by_of_offset	48	static
drivers/core/uclass.c:515:5:uclass_get_device_by_ofnode	48	static
drivers/core/uclass.c:531:5:uclass_get_device_by_phandle_id	64	static
drivers/core/uclass.c:557:5:uclass_get_device_by_phandle	48	static
drivers/core/uclass.c:569:5:uclass_first_device	48	static
drivers/core/uclass.c:581:5:uclass_first_device_err	32	static
drivers/core/uclass.c:594:5:uclass_next_device	32	static
drivers/core/uclass.c:606:5:uclass_next_device_err	32	static
drivers/core/uclass.c:619:5:uclass_first_device_check	32	static
drivers/core/uclass.c:633:5:uclass_next_device_check	16	static
drivers/core/uclass.c:646:5:uclass_get_count	0	static
drivers/core/uclass.c:659:5:uclass_first_device_drvdata	64	static
drivers/core/uclass.c:676:5:uclass_bind_device	32	static
drivers/core/uclass.c:703:5:uclass_pre_unbind_device	0	static
drivers/core/uclass.c:718:5:uclass_unbind_device	0	static
drivers/core/uclass.c:726:5:uclass_pre_probe_device	32	static
drivers/core/uclass.c:750:5:uclass_post_probe_device	32	static
drivers/core/uclass.c:775:5:uclass_pre_remove_device	0	static
drivers/core/uclass.c:791:5:uclass_probe_all	48	static
drivers/core/uclass.c:810:5:uclass_id_count	32	static
